******************************************************************************
               TMS320C6x Linker Unix v7.3.5                    
******************************************************************************
>> Linked Sun Jul  9 11:37:33 2017

OUTPUT FILE NAME:   <build/bin/dvr_rdk_c6xdsp_debug_1024M_256M.xe674>
ENTRY POINT SYMBOL: "ti_sysbios_family_c64p_Hwi0"  address: 9fe05000


MEMORY CONFIGURATION

         name            origin    length      used     unused   attr    fill
----------------------  --------  ---------  --------  --------  ----  --------
  DSP_L2_RAM            10800000   00020000  00020000  00000000  RWIX
  ETH_OFFLOAD           40300000   00010000  0000f400  00000c00  RWIX
  OCMC0_RAM             40310000   00030000  00000000  00030000  RWIX
  OCMC1_RAM             40400000   00040000  00000000  00040000  RWIX
  LINUX_MEM             80000000   10000000  00000000  10000000  RWIX
  SR1                   90000000   0c500000  0c500000  00000000  RWIX
  SR3_INTRADUCATI_IPC   9c500000   0001f000  00000000  0001f000  RWIX
  VIDEO_M3_CODE_MEM     9c51f000   00300000  00000000  00300000  RWIX
  VIDEO_M3_DATA_MEM     9c81f000   00200000  00000000  00200000  RWIX
  VIDEO_M3_BSS_MEM      9ca1f000   00b80000  00000000  00b80000  RWIX
  DSS_M3_CODE_MEM       9d59f000   00180000  00000000  00180000  RWIX
  DSS_M3_DATA_MEM       9d71f000   00580000  00000000  00580000  RWIX
  DSS_M3_BSS_MEM        9dc9f000   01080000  00000000  01080000  RWIX
  DSP_CODE_MEM          9ed1f000   002d7000  000c9820  0020d7e0  RWIX
  DDR3_DSP              9eff6000   0100a000  00e0f856  001fa7aa  RWIX
  TILER_MEM             a0000000   0e000000  00000000  0e000000  RWIX
  SR2_FRAME_BUFFER_MEM  ae000000   109c0000  00000000  109c0000  RWIX
  VIDEO_M3_EXCEPTION_CT be9c0000   00020000  00000000  00020000  RWIX
  VPSS_M3_EXCEPTION_CTX be9e0000   00020000  00000000  00020000  RWIX
  HDVPSS_DESC_MEM       bea00000   00200000  00000000  00200000  RWIX
  HDVPSS_SHARED_MEM     bec00000   00200000  00000000  00200000  RWIX
  HOST_VPSS_NOTIFYMEM   bee00000   00200000  00000000  00200000  RWIX
  REMOTE_DEBUG_MEM      bf000000   00100000  00031860  000ce7a0  RWIX
  SR0                   bf100000   00f00000  00f00000  00000000  RWIX


SEGMENT ALLOCATION MAP

run origin  load origin   length   init length attrs members
----------  ----------- ---------- ----------- ----- -------
10800000    10800000    00020000   00000000    rw-
  10800000    10800000    00020000   00000000    rw- .internalHeap
40300000    40300000    0000f400   00000000    rw-
  40300000    40300000    0000f400   00000000    rw- .eth_offload_shm
9ed1f000    9ed1f000    000c9820   000c9820    r-x
  9ed1f000    9ed1f000    000b27a0   000b27a0    r-x .text
  9edd17a0    9edd17a0    00013e60   00013e60    r-x aacEncProgram
  9ede5600    9ede5600    00003220   00003220    r-x .scd_core
9eff6000    9eff6000    00d2b8e8   00000000    rw-
  9eff6000    9eff6000    009e2000   00000000    rw- .systemHeap
  9f9d8000    9f9d8000    003498e8   00000000    rw- .far
9fd218e8    9fd218e8    00000018   00000018    r--
  9fd218e8    9fd218e8    00000018   00000018    r-- .const.1
9fd21900    9fd21900    000ba000   00000000    rw-
  9fd21900    9fd21900    000ba000   00000000    rw- .bss:taskStackSection
9fddb900    9fddb900    0002254e   0002254e    r--
  9fddb900    9fddb900    0002254e   0002254e    r-- .const.2
9fdfde50    9fdfde50    00004000   00000000    rw-
  9fdfde50    9fdfde50    00004000   00000000    rw- .stack
9fe01e50    9fe01e50    00002f0c   00002f0c    rw-
  9fe01e50    9fe01e50    00002f0c   00002f0c    rw- .fardata
9fe04d5c    9fe04d5c    00000298   00000298    r--
  9fe04d5c    9fe04d5c    00000298   00000298    r-- .switch.1
9fe05000    9fe05000    0000030c   0000030c    r-x
  9fe05000    9fe05000    00000200   00000200    r-x .vecs
  9fe05200    9fe05200    0000010c   0000010c    r-- .switch.2
9fe05400    9fe05400    0000004c   0000004c    r--
  9fe05400    9fe05400    0000004c   0000004c    r-- ti_sdo_ipc_init
9fe05460    9fe05460    000003c4   000003a0    rwx
  9fe05460    9fe05460    000003a0   000003a0    rwx .cio
  9fe05800    9fe05800    00000024   00000000    rw- .bss
9fe05824    9fe05824    0000012c   0000012c    rw-
  9fe05824    9fe05824    0000012c   0000012c    rw- .neardata
9fe05950    9fe05950    0000001c   0000001c    r--
  9fe05950    9fe05950    0000001c   0000001c    r-- .rodata
bf000000    bf000000    00031860   00000000    rw-
  bf000000    bf000000    00031860   00000000    rw- .bss:extMemNonCache:remoteDebugCoreShm


SECTION ALLOCATION MAP

 output                                  attributes/
section   page    origin      length       input sections
--------  ----  ----------  ----------   ----------------
.cinit     0    9eff6000    00000000     UNINITIALIZED

.init_array 
*          0    9eff6000    00000000     UNINITIALIZED

.internalHeap 
*          0    10800000    00020000     UNINITIALIZED
                  10800000    00020000     MAIN_APP_c6xdsp_pe674.oe674 (.internalHeap)

.eth_offload_shm 
*          0    40300000    0000f400     UNINITIALIZED
                  40300000    0000f400     dvr_rdk_bios6.ae674 : eth_offload_emac.oe674 (.eth_offload_shm)

ti.sdo.ipc.SharedRegion_1 
*          0    90000000    0c500000     NOLOAD SECTION
                  90000000    0c500000     --HOLE--

.text      0    9ed1f000    000b27a0     
                  9ed1f000    00006200     dskt2.ae674 : dskt2_scratch.oe674 (.text)
                  9ed25200    00005be0     edma3Chan.ae674 : iresman_edma3Chan.oe674 (.text)
                  9ed2ade0    00005760     rman.ae674 : rman.oe674 (.text)
                  9ed30540    00005300     edma3.ae674 : edma3_config.oe674 (.text)
                  9ed35840    00004260     ecpy.ae674 : ecpy_impl.oe674 (.text)
                  9ed39aa0    00002040     analytics.ae674 : dmval_elf_plink.out (.text:DMVAL_setParameter:DMVAL_setParameter.obj)
                  9ed3bae0    00001e80     dvr_rdk_bios6.ae674 : scdLink_alg.oe674 (.text:AlgLink_ScdVACreate)
                  9ed3d960    00001b40     analytics.ae674 : dmval_elf_plink.out (.text:OCdetectObjectCount3:OCdetectObjectCount3.obj)
                  9ed3f4a0    00001940                     : dmval_elf_plink.out (.text:TZdetectTripZone3:TZdetectTripZone3.obj)
                  9ed40de0    00001860     dskt2.ae674 : dskt2crea.oe674 (.text)
                  9ed42640    00001620     analytics.ae674 : dmval_elf_plink.out (.text:DMVAL_streamingMetadata:DMVAL_streamingMetadata.obj)
                  9ed43c60    000011a0     ipc.lib : Ipc.obj (.text:ti_sdo_ipc_GateMP_Instance_init__F)
                  9ed44e00    00001100     edma3Chan.ae674 : ires_edma3Chan.oe674 (.text)
                  9ed45f00    000010e0     dvr_rdk_bios6.ae674 : scdLink_alg.oe674 (.text:AlgLink_ScdalgSetChVaParam)
                  9ed46fe0    00001060                         : scdLink_alg.oe674 (.text:AlgLink_ScdalgProcessData)
                  9ed48040    00001060     analytics.ae674 : dmval_elf_plink.out (.text:TZbhattacharyaDistanceS16:TZbhattacharyaDistanceS16.obj)
                  9ed490a0    00001020     dvr_rdk_bios6.ae674 : scdLink_alg.oe674 (.text:AlgLink_ScdalgCreate)
                  9ed4a0c0    00000f80     analytics.ae674 : dmval_elf_plink.out (.text:DMVAL_tamperDetect:DMVAL_tamperDetect.obj)
                  9ed4b040    00000da0     dskt2.ae674 : dskt2_yield.oe674 (.text)
                  9ed4bde0    00000d80     scd.ae674 : SCD_detectEngine.oe674 (.text:SCN_detectionEngine)
                  9ed4cb60    00000d20     analytics.ae674 : dmval_elf_plink.out (.text:DMVAL_tamperDecision:DMVAL_tamperDecision_ci.obj)
                  9ed4d880    00000c80     dvr_rdk_bios6.ae674 : ipcFramesOutLink_tsk.oe674 (.text:IpcFramesOutLink_processFrameBufs)
                  9ed4e500    00000c00                         : sw_osd_ti_alg.oe674 (.text:SWOSD_TI_algBlendFrame)
                  9ed4f100    00000bc0     analytics.ae674 : dmval_elf_plink.out (.text:OCcheckPatchOverlap2:OCcheckPatchOverlap2.obj)
                  9ed4fcc0    00000ba0                     : dmval_elf_plink.out (.text:Frame_mergeBSUBandIFDobjs:DMVAL_ccMergeBSubIFD.obj)
                  9ed50860    00000b80     edma3_lld_rm.ae674 : edma3resmgr.oe674 (.text:EDMA3_RM_allocResource)
                  9ed513e0    00000b60                        : edma3resmgr.oe674 (.text:EDMA3_RM_allocLogicalChannel)
                  9ed51f40    00000b60     ipc.lib : Ipc.obj (.text:Ipc_attach)
                  9ed52aa0    00000b40     dvr_rdk_bios6.ae674 : ipcFramesOutLink_tsk.oe674 (.text:IpcFramesOutLink_create)
                  9ed535e0    00000b00     analytics.ae674 : dmval_elf_plink.out (.text:TZcheckPatchOverlap:TZcheckPatchOverlap.obj)
                  9ed540e0    00000ac0     dvr_rdk_bios6.ae674 : sw_osd_ti_alg.oe674 (.text:SWOSD_TI_algBlendLineRgb2Yuv)
                  9ed54ba0    00000aa0     ipc.lib : Ipc.obj (.text:ti_sdo_ipc_heaps_HeapMemMP_alloc__E)
                  9ed55640    00000a40     analytics.ae674 : dmval_elf_plink.out (.text:DMVAL_process:DMVAL_process.obj)
                  9ed56080    00000a40     dvr_rdk_bios6.ae674 : csl_emac_816x.oe674 (.text:EMAC_open)
                  9ed56ac0    00000a00                         : eth_offload_emac.oe674 (.text:ETH_OFFLOAD_Emac_txOffloadHandlerAll)
                  9ed574c0    000009e0     ipc.lib : Ipc.obj (.text:ti_sdo_ipc_heaps_HeapMemMP_free__E)
                  9ed57ea0    000009c0     analytics.ae674 : dmval_elf_plink.out (.text:TZcorrectObjectInfo:TZdetectTripZone3.obj)
                  9ed58860    000009a0     scd.ae674 : SCD_segmentEngineBlkFlow.oe674 (.text:SCN_engineBlkFlowGenerateMetadata)
                  9ed59200    000009a0     ti.targets.rts6000.ae674 : System.oe674 (.text:xdc_runtime_System_doPrint__I)
                  9ed59ba0    00000980     analytics.ae674 : dmval_elf_plink.out (.text:TZobjDetectRowImageScan_8bit:TZobjDetectImageScan_8bit_ci.obj)
                  9ed5a520    00000980                     : dmval_elf_plink.out (.text:TZsimplex2DwideSearch:TZsimplex2DwideSearch.obj)
                  9ed5aea0    00000960     dvr_rdk_bios6.ae674 : ipcBitsOutLink_tsk.oe674 (.text:IpcBitsOutLink_processBitBufs)
                  9ed5b800    00000920     ipc.lib : Ipc.obj (.text:ti_sdo_ipc_transports_TransportShm_Instance_init__F)
                  9ed5c120    000008e0     dvr_rdk_bios6.ae674 : ipcFramesInLink_tsk.oe674 (.text:IpcFramesInLink_tskMain)
                  9ed5ca00    000008e0     analytics.ae674 : dmval_elf_plink.out (.text:TZpatchMaintenance:TZpatchMaintenance.obj)
                  9ed5d2e0    000008c0                     : dmval_elf_plink.out (.text:OCpatchMaintenance:OCpatchMaintenance.obj)
                  9ed5dba0    000008c0     ipc.lib : Ipc.obj (.text:ti_sdo_ipc_ListMP_Instance_init__F)
                  9ed5e460    00000880     analytics.ae674 : dmval_elf_plink.out (.text:TZnonMinimumSuppression:TZnonMinimumSuppression_ci.obj)
                  9ed5ece0    00000880     ipc.lib : Ipc.obj (.text:ti_sdo_ipc_GateMP_Instance_finalize__F)
                  9ed5f560    00000860     analytics.ae674 : dmval_elf_plink.out (.text:DMVAL_detectChange_SmallTileComp:DMVAL_segFGDetection.obj)
                  9ed5fdc0    00000860     dvr_rdk_bios6.ae674 : ipcFramesOutLink_tsk.oe674 (.text:IpcFramesOutLink_releaseFrameBufs)
                  9ed60620    00000860     ipc.lib : Ipc.obj (.text:Notify_unregisterEvent)
                  9ed60e80    00000840             : Ipc.obj (.text:MessageQ_put)
                  9ed616c0    00000800     dskt2.ae674 : dskt2free.oe674 (.text)
                  9ed61ec0    000007c0     analytics.ae674 : dmval_elf_plink.out (.text:DMVAL_ConvertIItoBlobs:DMVAL_ccIntervalImage.obj)
                  9ed62680    00000780     sysbios.lib : BIOS.obj (.text:ti_sysbios_family_c64p_Exception_handler__I)
                  9ed62e00    00000760     aacdec_tii_lc_elf.l64P : aac_decoder.obj (.text:AACDEC_TII_StereoToMono)
                  9ed63560    00000760     dvr_rdk_bios6.ae674 : scdLink_alg.oe674 (.text:AlgLink_ScdalgDelete)
                  9ed63cc0    00000760     analytics.ae674 : dmval_elf_plink.out (.text:DMVAL_initBkgrdModel:DMVAL_bgModelReset.obj)
                  9ed64420    00000760     edma3_lld_rm.ae674 : edma3resmgr.oe674 (.text:EDMA3_RM_allocContiguousResource)
                  9ed64b80    00000760     ipc.lib : Ipc.obj (.text:ti_sdo_ipc_heaps_HeapMemMP_Instance_init__F)
                  9ed652e0    00000740     analytics.ae674 : dmval_elf_plink.out (.text:DMVAL_setBGModelObjecSize:DMVAL_bgModelReset.obj)
                  9ed65a20    00000720     aacdec_tii_lc_elf.l64P : aac_decoder.obj (.text:AACDEC_TII_Decoder)
                  9ed66140    00000720                            : aac_parse_block.obj (.text:AACDEC_TII_Parse_Element)
                  9ed66860    00000700     ipc.lib : Ipc.obj (.text:Notify_registerEvent)
                  9ed66f60    000006e0     analytics.ae674 : dmval_elf_plink.out (.text:DMVAL_segmentObjects:DMVAL_segmentation.obj)
                  9ed67640    000006e0                     : dmval_elf_plink.out (.text:IMD_detectPolyMotion:IMD_detection.obj)
                  9ed67d20    000006e0     ipc.lib : Ipc.obj (.text:Notify_sendEvent)
                  9ed68400    000006e0     dskt2.ae674 : dskt2dact.oe674 (.text)
                  9ed68ae0    000006a0     dvr_rdk_bios6.ae674 : ipcBitsOutLink_tsk.oe674 (.text:IpcBitsOutLink_releaseBitBufs)
                  9ed69180    000006a0     ipc.lib : Ipc.obj (.text:NameServer_add)
                  9ed69820    000006a0             : Ipc.obj (.text:ti_sdo_ipc_nsremote_NameServerRemoteNotify_Instance_init__F)
                  9ed69ec0    00000680     dvr_rdk_bios6.ae674 : mergeLink_tsk.oe674 (.text:MergeLink_drvCreate)
                  9ed6a540    00000660                         : ipcFramesOutLink_tsk.oe674 (.text:IpcFramesOutLink_copyFrameInfo)
                  9ed6aba0    00000660                         : mergeLink_tsk.oe674 (.text:MergeLink_tskMain)
                  9ed6b200    00000660     sysbios.lib : BIOS.obj (.text:ti_sysbios_heaps_HeapMem_free__E)
                  9ed6b860    00000640     aacdec_tii_lc_elf.l64P : aac_config.obj (.text:AACDEC_TII_GetProgConfig)
                  9ed6bea0    00000640     edma3_lld_rm.ae674 : edma3resmgr.oe674 (.text:EDMA3_RM_freeLogicalChannel)
                  9ed6c4e0    00000640     dvr_rdk_bios6.ae674 : ipcFramesInLink_tsk.oe674 (.text:IpcFramesInLink_create)
                  9ed6cb20    00000640                         : system_ipc_msgq.oe674 (.text:System_ipcMsgQSendMsg)
                  9ed6d160    00000620     analytics.ae674 : dmval_elf_plink.out (.text:DMVAL_assignBkgrdModelMem:DMVAL_assignMem.obj)
                  9ed6d780    00000620     dvr_rdk_bios6.ae674 : selectLink_tsk.oe674 (.text:SelectLink_drvCreate)
                  9ed6dda0    00000620     fcsettings.ae674 : FCSettings.oe674 (.text)
                  9ed6e3c0    00000620     sysbios.lib : BIOS.obj (.text:ti_sysbios_heaps_HeapMem_alloc__E)
                  9ed6e9e0    00000600     analytics.ae674 : dmval_elf_plink.out (.text:TZinitNewObj:TZdetectTripZone3.obj)
                  9ed6efe0    00000600     ipc.lib : Ipc.obj (.text:ti_sdo_ipc_SharedRegion_start__F)
                  9ed6f5e0    000005e0     dvr_rdk_bios6.ae674 : scdLink_alg.oe674 (.text:AlgLink_ScdPrintVaChConfig)
                  9ed6fbc0    000005e0     analytics.ae674 : dmval_elf_plink.out (.text:DMVAL_groupObjects:DMVAL_ccGroupObjects.obj)
                  9ed701a0    000005e0     edma3_lld_rm.ae674 : edma3resmgr.oe674 (.text:EDMA3_RM_open)
                  9ed70780    000005e0     ipc.lib : Ipc.obj (.text:Notify_registerEventSingle)
                  9ed70d60    000005e0             : Ipc.obj (.text:Notify_unregisterEventSingle)
                  9ed71340    000005e0             : Ipc.obj (.text:SharedRegion_setEntry)
                  9ed71920    000005c0     aacdec_tii_lc_elf.l64P : aac_tii_decode.obj (.text:AACDEC_TII_control)
                  9ed71ee0    000005c0     dvr_rdk_bios6.ae674 : ipcFramesInLink_tsk.oe674 (.text:IpcFramesInLink_copyFrameInfo)
                  9ed724a0    000005c0                         : ipcFramesInLink_tsk.oe674 (.text:IpcFramesInLink_putEmptyFrames)
                  9ed72a60    000005c0     ipc.lib : Ipc.obj (.text:ListMP_getHead)
                  9ed73020    000005c0     rts6740_elf.lib : _printfi.obj (.text:_getarg_diouxp)
                  9ed735e0    000005a0     aacdec_tii_lc_elf.l64P : aac_decode_block.obj (.text:AACDEC_TII_DecodeBlock)
                  9ed73b80    000005a0                            : aac_utils.obj (.text:AACDEC_TII_Rounding_16bit)
                  9ed74120    000005a0     dvr_rdk_bios6.ae674 : osdLink_alg.oe674 (.text:AlgLink_OsdalgProcessFrame)
                  9ed746c0    000005a0     analytics.ae674 : dmval_elf_plink.out (.text:DMVAL_createConnectedComponentsList:DMVAL_ccCreateList.obj)
                  9ed74c60    000005a0     dvr_rdk_bios6.ae674 : eth_offload_emac.oe674 (.text:ETH_OFFLOAD_Emac_txOffloadHandlerSG)
                  9ed75200    000005a0     rts6740_elf.lib : divd.obj (.text:__c6xabi_divd)
                  9ed757a0    00000580     analytics.ae674 : dmval_elf_plink.out (.text:TZkalmanFilterCorrect2x4:TZkalmanFilterCorrect2x4.obj)
                  9ed75d20    00000580                     : dmval_elf_plink.out (.text:TZupdateMotAppHistogram:TZdetectTripZone3.obj)
                  9ed762a0    00000580     ipc.lib : Ipc.obj (.text:ti_sdo_ipc_transports_TransportShm_put__E)
                  9ed76820    00000560     dvr_rdk_bios6.ae674 : algLink_priv.oe674 (.text:AlgLink_algCreate)
                  9ed76d80    00000560                         : ipcFramesOutLink_tsk.oe674 (.text:IpcFramesOutLink_tskMain)
                  9ed772e0    00000560     ipc.lib : Ipc.obj (.text:NameServer_get)
                  9ed77840    00000540     aacdec_tii_lc_elf.l64P : aac_ifilterbank_nmwt.obj (.text:AACDEC_TII_IFilterBank)
                  9ed77d80    00000540     dvr_rdk_bios6.ae674 : osdLink_alg.oe674 (.text:AlgLink_OsdalgCreate)
                  9ed782c0    00000540     ipc.lib : Ipc.obj (.text:ti_sdo_ipc_Ipc_procSyncStart__I)
                  9ed78800    00000540             : Ipc.obj (.text:ti_sdo_ipc_nsremote_NameServerRemoteNotify_get__F)
                  9ed78d40    00000520     aacdec_tii_lc_elf.l64P : aac_ifilterbank_nmwt.obj (.text:AACDEC_TII_WinOvaddLong)
                  9ed79260    00000520     analytics.ae674 : dmval_elf_plink.out (.text:DMVAL_processInput:DMVAL_process.obj)
                  9ed79780    00000520     sysbios.lib : BIOS.obj (.text:ti_sysbios_knl_Task_Module_startup__F)
                  9ed79ca0    00000520                 : BIOS.obj (.text:ti_sysbios_utils_Load_update__E)
                  9ed7a1c0    00000500     analytics.ae674 : dmval_elf_plink.out (.text:DMVAL_setROI:DMVAL_setPolygon.obj)
                  9ed7a6c0    00000500                     : dmval_elf_plink.out (.text:DMVAL_smBlkDetect1stPass:DMVAL_segFGDetectionSmallBlk_ci.obj)
                  9ed7abc0    00000500     dvr_rdk_bios6.ae674 : system_ipc_listMP.oe674 (.text:System_ipcListMPOpen)
                  9ed7b0c0    00000500     analytics.ae674 : dmval_elf_plink.out (.text:TZscaleImage:TZscaleImage_ci.obj)
                  9ed7b5c0    00000500     ipc.lib : Ipc.obj (.text:ti_sdo_ipc_notifyDrivers_NotifyDriverShm_Instance_init__F)
                  9ed7bac0    00000500     sysbios.lib : BIOS.obj (.text:ti_sysbios_knl_Task_Instance_finalize__F)
                  9ed7bfc0    000004e0     dvr_rdk_bios6.ae674 : system_ipc_listMP.oe674 (.text:System_ipcListMPCreate)
                  9ed7c4a0    000004e0     analytics.ae674 : dmval_elf_plink.out (.text:TZclusterBoxes_combine:TZclusterBoxes_combine.obj)
                  9ed7c980    000004c0     dvr_rdk_bios6.ae674 : scdLink_alg.oe674 (.text:AlgLink_ScdalgGetChResetChannel)
                  9ed7ce40    000004c0     analytics.ae674 : dmval_elf_plink.out (.text:DMVAL_streamingMOS:DMVAL_streamingMOS.obj)
                  9ed7d300    000004a0     dvr_rdk_bios6.ae674 : ipcBitsOutLink_tsk.oe674 (.text:IpcBitsOutLink_create)
                  9ed7d7a0    000004a0                         : selectLink_tsk.oe674 (.text:SelectLink_drvProcessFrames)
                  9ed7dc40    000004a0                         : utils_dma_dsp.oe674 (.text:Utils_dmaCopy2D)
                  9ed7e0e0    000004a0     nullres.ae674 : iresman_nullres.oe674 (.text)
                  9ed7e580    000004a0     ipc.lib : Ipc.obj (.text:ti_sdo_ipc_gates_GatePeterson_Instance_init__F)
                  9ed7ea20    00000480     aacdec_tii_lc_elf.l64P : aac_huffman.obj (.text:AACDEC_TII_CB_11_Handler)
                  9ed7eea0    00000480                            : aac_decoder.obj (.text:AACDEC_TII_DecoderErr)
                  9ed7f320    00000480     rts6740_elf.lib : _printfi.obj (.text:_setfield)
                  9ed7f7a0    00000480     osal_support.ae674 : OsalSupport.oe674 (.text)
                  9ed7fc20    00000480     ipc.lib : Ipc.obj (.text:ti_sdo_ipc_GateMP_setRegion0Reserved__F)
                  9ed800a0    00000480             : Ipc.obj (.text:ti_sdo_ipc_nsremote_NameServerRemoteNotify_swiFxn__I)
                  9ed80520    00000480     sysbios.lib : BIOS.obj (.text:ti_sysbios_utils_Load_logLoads__I)
                  9ed809a0    00000460     dvr_rdk_bios6.ae674 : scdLink_alg.oe674 (.text:AlgLink_ScdAlgCopyFrame)
                  9ed80e00    00000460     ipc.lib : Ipc.obj (.text:ListMP_putTail)
                  9ed81260    00000460     dvr_rdk_bios6.ae674 : system_ipc_msgq.oe674 (.text:System_ipcMsgQDeInit)
                  9ed816c0    00000460     rts6740_elf.lib : _printfi.obj (.text:_printfi)
                  9ed81b20    00000460     ipc.lib : Ipc.obj (.text:ti_sdo_ipc_Ipc_procSyncFinish__I)
                  9ed81f80    00000460     sysbios.lib : BIOS.obj (.text:ti_sysbios_knl_Semaphore_pend__E)
                  9ed823e0    00000460                 : BIOS.obj (.text:ti_sysbios_knl_Task_setPri__E)
                  9ed82840    00000440     dvr_rdk_bios6.ae674 : scdLink_alg.oe674 (.text:AlgLink_ScdVAChReset)
                  9ed82c80    00000440     ipc.lib : Ipc.obj (.text:ti_sdo_ipc_MessageQ_Instance_init__F)
                  9ed830c0    00000440             : Ipc.obj (.text:ti_sdo_ipc_heaps_HeapMemMP_getStats__E)
                  9ed83500    00000420     edma3_lld_rm.ae674 : edma3resmgr.oe674 (.text:EDMA3_RM_freeResource)
                  9ed83920    00000420     ipc.lib : Ipc.obj (.text:ti_sdo_ipc_heaps_HeapMemMP_postInit__I)
                  9ed83d40    00000400     aacdec_tii_lc_elf.l64P : aac_huffman.obj (.text:AACDEC_TII_HuffDecodeLoop2)
                  9ed84140    00000400     dvr_rdk_bios6.ae674 : system_ipc_notify.oe674 (.text:System_ipcNotifyInit)
                  9ed84540    00000400     ipc.lib : Ipc.obj (.text:ti_sdo_ipc_Notify_Instance_init__F)
                  9ed84940    00000400     sysbios.lib : BIOS.obj (.text:ti_sysbios_family_c64p_Hwi_dispatchC__I)
                  9ed84d40    000003e0     aacdec_tii_lc_elf.l64P : aac_pns.obj (.text:AACDEC_TII_ApplyPNS)
                  9ed85120    000003e0     dvr_rdk_bios6.ae674 : csl_emac_816x.oe674 (.text:EMAC_close)
                  9ed85500    000003e0     sysbios.lib : BIOS.obj (.text:ti_sysbios_gates_GateMutexPri_enter__E)
                  9ed858e0    000003c0     aacdec_tii_lc_elf.l64P : aac_tii_decode.obj (.text:AACDEC_TII_decode)
                  9ed85ca0    000003c0     analytics.ae674 : dmval_elf_plink.out (.text:TZgetCurrentMeasurement_packed:TZgetCurrentMeasurement_packed.obj)
                  9ed86060    000003c0     mp4aacenc_tij_lc_elf.l67 : mp4aacenc_tij.obj (.text:aacEncProgramAlgControl:MP4AACENC_TIJ_control)
                  9ed86420    000003c0     ipc.lib : Ipc.obj (.text:ti_sdo_ipc_SharedRegion_reserveMemory__F)
                  9ed867e0    000003c0     sysbios.lib : BIOS.obj (.text:ti_sysbios_knl_Task_Instance_init__F)
                  9ed86ba0    000003a0     aacdec_tii_lc_elf.l64P : aac_bit_rev.obj (.text:AACDEC_TII_BitReverse)
                  9ed86f40    000003a0                            : aac_huffdec2.obj (.text:AACDEC_TII_GetIcs)
                  9ed872e0    00000380     ipc.lib : Ipc.obj (.text:HeapMemMP_sharedMemReq)
                  9ed87660    00000380     analytics.ae674 : dmval_elf_plink.out (.text:IMD_detectMotion:IMD_ctrl.obj)
                  9ed879e0    00000380     dvr_rdk_bios6.ae674 : ipcBitsOutLink_tsk.oe674 (.text:IpcBitsOutLink_init)
                  9ed87d60    00000380                         : ipcFramesOutLink_tsk.oe674 (.text:IpcFramesOutLink_init)
                  9ed880e0    00000380                         : mergeLink_tsk.oe674 (.text:MergeLink_putEmptyFrames)
                  9ed88460    00000380                         : selectLink_tsk.oe674 (.text:SelectLink_tskMain)
                  9ed887e0    00000380                         : utils_mbx.oe674 (.text:Utils_mbxSendMsg)
                  9ed88b60    00000380     edma3_lld_rm.ae674 : edma3resmgr.oe674 (.text:gblChngAllocContigRes)
                  9ed88ee0    00000380     sysbios.lib : BIOS.obj (.text:ti_sysbios_timers_dmtimer_Timer_checkFreq__I)
                  9ed89260    00000380     ti.targets.rts6000.ae674 : Diags.oe674 (.text:xdc_runtime_Diags_setMask__F)
                  9ed895e0    00000360     dvr_rdk_bios6.ae674 : scdLink_alg.oe674 (.text:AlgLink_ScdalgProcess)
                  9ed89940    00000360     analytics.ae674 : dmval_elf_plink.out (.text:DMVAL_calcSobelEdgeMap:DMVAL_tamperEdgeCompare.obj)
                  9ed89ca0    00000360                     : dmval_elf_plink.out (.text:DMVAL_getMemReq:DMVAL_create.obj)
                  9ed8a000    00000360     edma3_lld_rm.ae674 : edma3resmgr.oe674 (.text:EDMA3_RM_create)
                  9ed8a360    00000360     ipc.lib : Ipc.obj (.text:ti_sdo_ipc_family_ti81xx_InterruptDsp_intRegister__E)
                  9ed8a6c0    00000340     dvr_rdk_bios6.ae674 : algLink_tsk.oe674 (.text:AlgLink_tskMain)
                  9ed8aa00    00000340     ipc.lib : Ipc.obj (.text:GateMP_sharedMemReq)
                  9ed8ad40    00000340     dvr_rdk_bios6.ae674 : system_ipc.oe674 (.text:System_ipcAttach)
                  9ed8b080    00000340                         : utils_bit_buf.oe674 (.text:Utils_bitbufPutEmpty)
                  9ed8b3c0    00000340                         : utils_tsk.oe674 (.text:Utils_tskCreate)
                  9ed8b700    00000340     dskt2.ae674 : dskt2_permute.oe674 (.text)
                  9ed8ba40    00000320     aacdec_tii_lc_elf.l64P : aac_huffdec2.obj (.text:AACDEC_TII_GetTns)
                  9ed8bd60    00000320                            : aac_utils.obj (.text:AACDEC_TII_Rounding_24bit)
                  9ed8c080    00000320                            : aac_tns.obj (.text:AACDEC_TII_TnsDecodeSubblock2)
                  9ed8c3a0    00000320     app_link.oe674 (.text:AppLink_tskMain)
                  9ed8c6c0    00000320     analytics.ae674 : dmval_elf_plink.out (.text:Frame_init:DMVAL_ccFrame.obj)
                  9ed8c9e0    00000320     dvr_rdk_bios6.ae674 : system_ipc_msgq.oe674 (.text:System_ipcMsgQCreate)
                  9ed8cd00    00000320     edma3_lld_rm.ae674 : edma3resmgr.oe674 (.text:findBit)
                  9ed8d020    00000320     sysbios.lib : BIOS.obj (.text:ti_sysbios_knl_Swi_run__I)
                  9ed8d340    00000320                 : BIOS.obj (.text:ti_sysbios_knl_Task_sleep__E)
                  9ed8d660    00000320     dvr_rdk_bios6.ae674 : algLink_priv.oe674 (.text:utilsmem_memstats_getfreestats)
                  9ed8d980    00000320                         : ipcBitsOutLink_tsk.oe674 (.text:utilsmem_memstats_getfreestats)
                  9ed8dca0    00000320                         : ipcFramesInLink_tsk.oe674 (.text:utilsmem_memstats_getfreestats)
                  9ed8dfc0    00000320                         : ipcFramesOutLink_tsk.oe674 (.text:utilsmem_memstats_getfreestats)
                  9ed8e2e0    00000300     aacdec_tii_lc_elf.l64P : aac_ifft.obj (.text:AACDEC_TII_IFFTStage1and2)
                  9ed8e5e0    00000300     analytics.ae674 : dmval_elf_plink.out (.text:DMVAL_allocMem:DMVAL_manageMemory.obj)
                  9ed8e8e0    00000300                     : dmval_elf_plink.out (.text:DMVAL_create:DMVAL_config.obj)
                  9ed8ebe0    00000300                     : dmval_elf_plink.out (.text:DMVAL_smBlkDetect2ndPass:DMVAL_segFGDetectionSmallBlk_ci.obj)
                  9ed8eee0    00000300                     : dmval_elf_plink.out (.text:DMVAL_smetaFindMatchingBlob:DMVAL_smetaFindMatchingBlob.obj)
                  9ed8f1e0    00000300     ecpy.ae674 : ecpy_init.oe674 (.text:ECPY_init)
                  9ed8f4e0    00000300     ipc.lib : Ipc.obj (.text:GateMP_openByAddr)
                  9ed8f7e0    00000300     dvr_rdk_bios6.ae674 : ipcFramesInLink_tsk.oe674 (.text:IpcFramesInLink_setOutQueInfo)
                  9ed8fae0    00000300     ipc.lib : Ipc.obj (.text:ListMP_open)
                  9ed8fde0    00000300             : Ipc.obj (.text:Notify_eventAvailable)
                  9ed900e0    00000300     dvr_rdk_bios6.ae674 : system_ipc_msgq.oe674 (.text:System_ipcMsgQHeapCreate)
                  9ed903e0    00000300                         : utils_dma_dsp.oe674 (.text:Utils_dmaCreateChDSP)
                  9ed906e0    00000300                         : utils_prf.oe674 (.text:Utils_prfLoadPrintAll)
                  9ed909e0    00000300     sysbios.lib : BIOS.obj (.text:deviceConfig$21)
                  9ed90ce0    00000300     rts6740_elf.lib : fputs.obj (.text:fputs)
                  9ed90fe0    00000300     ipc.lib : Ipc.obj (.text:ti_sdo_ipc_gates_GateHWSpinlock_Instance_init__F)
                  9ed912e0    00000300             : Ipc.obj (.text:ti_sdo_ipc_nsremote_NameServerRemoteNotify_attach__E)
                  9ed915e0    00000300             : Ipc.obj (.text:ti_sdo_ipc_transports_TransportShm_openByAddr__F)
                  9ed918e0    000002e0     aacdec_tii_lc_elf.l64P : aac_config.obj (.text:AACDEC_TII_GetAdifHeader)
                  9ed91bc0    000002e0                            : aac_huffdec2.obj (.text:AACDEC_TII_Huffspec)
                  9ed91ea0    000002e0     analytics.ae674 : dmval_elf_plink.out (.text:DMVAL_resetBkgrdModels:DMVAL_bgModelReset.obj)
                  9ed92180    000002e0     ipc.lib : Ipc.obj (.text:MessageQ_alloc)
                  9ed92460    000002e0     analytics.ae674 : dmval_elf_plink.out (.text:OCtripZoneInitializeAtCreate:OCtripZoneInitialize.obj)
                  9ed92740    000002e0     scd.ae674 : SCD_segmentEngineFrmFlow.oe674 (.text:SCN_engineFrmFlowGenerateMetadata)
                  9ed92a20    000002e0     ipc.lib : Ipc.obj (.text:SharedRegion_getEntry)
                  9ed92d00    000002e0             : Ipc.obj (.text:SharedRegion_getPtr)
                  9ed92fe0    000002e0     dvr_rdk_bios6.ae674 : system_ipc_msgq.oe674 (.text:System_ipcMsgQOpen)
                  9ed932c0    000002e0     analytics.ae674 : dmval_elf_plink.out (.text:TZmultiScaleTargetDetection2:TZmultiScaleTargetDetection2.obj)
                  9ed935a0    000002e0     dvr_rdk_bios6.ae674 : utils_dma_dsp_bios6.oe674 (.text:Utils_edma3Open)
                  9ed93880    000002e0     rts6740_elf.lib : _printfi.obj (.text:_pproc_fwp)
                  9ed93b60    000002e0     mp4aacenc_tij_lc_elf.l67 : mp4aacenc_tij.obj (.text:aacEncProgramAlgAlloc:MP4AACENC_TIJ_alloc)
                  9ed93e40    000002c0     aacdec_tii_lc_elf.l64P : aac_huffman.obj (.text:AACDEC_TII_HuffDecodeLoop4)
                  9ed94100    000002c0                            : aac_huffdec2.obj (.text:AACDEC_TII_Hufffac)
                  9ed943c0    000002c0     analytics.ae674 : dmval_elf_plink.out (.text:DMVAL_ConvertRLE2IntervalImg:DMVAL_ccIntervalImage.obj)
                  9ed94680    000002c0                     : dmval_elf_plink.out (.text:DMVAL_assignBrainMem:DMVAL_assignMem.obj)
                  9ed94940    000002c0                     : dmval_elf_plink.out (.text:DMVAL_processBGModel:DMVAL_bgModelProcess.obj)
                  9ed94c00    000002c0     dvr_rdk_bios6.ae674 : csl_emac_816x.oe674 (.text:ETH_OFFLOAD_EMAC_Poll)
                  9ed94ec0    000002c0     ipc.lib : Ipc.obj (.text:Ipc_writeConfig)
                  9ed95180    000002c0             : Ipc.obj (.text:MessageQ_open)
                  9ed95440    000002c0     analytics.ae674 : dmval_elf_plink.out (.text:OCcheckTripZone:OCcheckTripZone.obj)
                  9ed95700    000002c0                     : dmval_elf_plink.out (.text:OCclusterBoxes_combine:OCclusterBoxes_combine.obj)
                  9ed959c0    000002c0     dvr_rdk_bios6.ae674 : system_ipc_msgq.oe674 (.text:System_ipcMsgQTaskMain)
                  9ed95c80    000002c0     analytics.ae674 : dmval_elf_plink.out (.text:TZcheckTripZone:TZcheckTripZone.obj)
                  9ed95f40    000002c0                     : dmval_elf_plink.out (.text:TZtripZoneInitializeAtCreate:TZtripZoneInitialize.obj)
                  9ed96200    000002c0     dvr_rdk_bios6.ae674 : utils_buf.oe674 (.text:Utils_bufPutFull)
                  9ed964c0    000002c0     rts6740_elf.lib : _printfi.obj (.text:_pproc_fge)
                  9ed96780    000002c0     dvr_rdk_bios6.ae674 : system_ipc_msgq.oe674 (.text:system_ipcmsgq_createfreeq)
                  9ed96a40    000002c0     ipc.lib : Ipc.obj (.text:ti_sdo_ipc_notifyDrivers_NotifyDriverShm_isr__I)
                  9ed96d00    000002a0     aacdec_tii_lc_elf.l64P : aac_decoder.obj (.text:AACDEC_TII_MonoToStereo)
                  9ed96fa0    000002a0     analytics.ae674 : dmval_elf_plink.out (.text:DMVAL_edmaInit:DMVAL_dsp_edma.obj)
                  9ed97240    000002a0     ipc.lib : Ipc.obj (.text:Ipc_start)
                  9ed974e0    000002a0             : Ipc.obj (.text:NameServer_getLocal)
                  9ed97780    000002a0     dvr_rdk_bios6.ae674 : system_ipc_notify.oe674 (.text:System_ipcSendNotify)
                  9ed97a20    000002a0                         : utils_bit_buf.oe674 (.text:Utils_bitbufPutFull)
                  9ed97cc0    000002a0                         : utils_mem.oe674 (.text:Utils_memAlloc)
                  9ed97f60    000002a0                         : utils_que.oe674 (.text:Utils_queCreate)
                  9ed98200    000002a0     rts6740_elf.lib : _printfi.obj (.text:ecvt)
                  9ed984a0    000002a0                     : _printfi.obj (.text:fcvt)
                  9ed98740    000002a0     sysbios.lib : BIOS.obj (.text:ti_sysbios_knl_Clock_Instance_init__F)
                  9ed989e0    000002a0                 : BIOS.obj (.text:ti_sysbios_knl_Clock_workFunc__E)
                  9ed98c80    000002a0                 : BIOS.obj (.text:ti_sysbios_timers_dmtimer_Timer_setPeriodMicroSecs__E)
                  9ed98f20    00000280     dvr_rdk_bios6.ae674 : scdLink_alg.oe674 (.text:AlgLink_ScdAlgSubmitFrames)
                  9ed991a0    00000280     app_link.oe674 (.text:AppLink_drvProcessFrames)
                  9ed99420    00000280     analytics.ae674 : dmval_elf_plink.out (.text:DMVAL_adaptBGModelThresholds:DMVAL_bgModelAdaptThresh.obj)
                  9ed996a0    00000280                     : dmval_elf_plink.out (.text:DMVAL_smetaInitializeAtCreate:DMVAL_smetaInitialize.obj)
                  9ed99920    00000280     dvr_rdk_bios6.ae674 : eth_offload_rpc.oe674 (.text:ETH_OFFLOAD_Rpc_Init)
                  9ed99ba0    00000280                         : ipcBitsOutLink_tsk.oe674 (.text:IpcBitsOutLink_tskMain)
                  9ed99e20    00000280                         : ipcFramesOutLink_tsk.oe674 (.text:IpcFramesOutLink_putEmptyFrames)
                  9ed9a0a0    00000280                         : selectLink_tsk.oe674 (.text:SelectLink_drvSetOutQueChInfo)
                  9ed9a320    00000280     ipc.lib : Ipc.obj (.text:SharedRegion_getSRPtr)
                  9ed9a5a0    00000280     rts6740_elf.lib : divf.obj (.text:__c6xabi_divf)
                  9ed9a820    00000280     sysbios.lib : BIOS.obj (.text:ti_sysbios_family_c64p_Cache_Module_startup__F)
                  9ed9aaa0    00000280                 : BIOS.obj (.text:ti_sysbios_family_c64p_Hwi_Module_startup__F)
                  9ed9ad20    00000280                 : BIOS.obj (.text:ti_sysbios_timers_dmtimer_Timer_startup__E)
                  9ed9afa0    00000280     ti.targets.rts6000.ae674 : Core-mem.oe674 (.text:xdc_runtime_Core_createObject__I)
                  9ed9b220    00000280                              : Error.oe674 (.text:xdc_runtime_Error_raiseX__F)
                  9ed9b4a0    00000260     aacdec_tii_lc_elf.l64P : aac_ifft.obj (.text:AACDEC_TII_IFFTStage3)
                  9ed9b700    00000260                            : aac_parser.obj (.text:AACDEC_TII_ParseChannelElement)
                  9ed9b960    00000260     dvr_rdk_bios6.ae674 : osdLink_alg.oe674 (.text:AlgLink_OsdalgSetChOsdWinPrm)
                  9ed9bbc0    00000260                         : scdLink_alg.oe674 (.text:AlgLink_ScdLMDCreate)
                  9ed9be20    00000260     analytics.ae674 : dmval_elf_plink.out (.text:DMVAL_initBrain:DMVAL_initMem.obj)
                  9ed9c080    00000260                     : dmval_elf_plink.out (.text:DMVA_ProfileModule:DMVAL_timing.obj)
                  9ed9c2e0    00000260     dvr_rdk_bios6.ae674 : eth_offload_emac.oe674 (.text:ETH_OFFLOAD_Emac_csumHeader)
                  9ed9c540    00000260     ipc.lib : Ipc.obj (.text:ListMP_sharedMemReq)
                  9ed9c7a0    00000260     analytics.ae674 : dmval_elf_plink.out (.text:OCmultiScaleTargetDetection2:OCmultiScaleTargetDetection2.obj)
                  9ed9ca00    00000260     dvr_rdk_bios6.ae674 : system_ipc_msgq.oe674 (.text:System_ipcMsgQDelete)
                  9ed9cc60    00000260     analytics.ae674 : dmval_elf_plink.out (.text:TZeliminatePatches:TZmultiScaleTargetDetection2.obj)
                  9ed9cec0    00000260     rts6740_elf.lib : imath64.obj (.text:__c6xabi_divull)
                  9ed9d120    00000260                     : _printfi.obj (.text:_pconv_e)
                  9ed9d380    00000260     mp4aacenc_tij_lc_elf.l67 : mp4aacenc_tij.obj (.text:aacEncProgramInit:initMp4AacEncHandle)
                  9ed9d5e0    00000260     ipc.lib : Ipc.obj (.text:ti_sdo_ipc_ListMP_Instance_finalize__F)
                  9ed9d840    00000260             : Ipc.obj (.text:ti_sdo_ipc_SharedRegion_checkOverlap__I)
                  9ed9daa0    00000260             : Ipc.obj (.text:ti_sdo_ipc_heaps_HeapMemMP_Instance_finalize__F)
                  9ed9dd00    00000260             : Ipc.obj (.text:ti_sdo_ipc_notifyDrivers_NotifyDriverShm_disableEvent__E)
                  9ed9df60    00000260             : Ipc.obj (.text:ti_sdo_ipc_notifyDrivers_NotifyDriverShm_sharedMemReq__F)
                  9ed9e1c0    00000260             : Ipc.obj (.text:ti_sdo_ipc_transports_TransportShmSetup_attach__E)
                  9ed9e420    00000260     sysbios.lib : BIOS.obj (.text:ti_sysbios_knl_Swi_Module_startup__F)
                  9ed9e680    00000260     ti.targets.rts6000.ae674 : Startup.oe674 (.text:xdc_runtime_Startup_startMods__I)
                  9ed9e8e0    00000260     MAIN_APP_c6xdsp_pe674.oe674 (.text:xdc_runtime_System_printfExtend__I)
                  9ed9eb40    00000240     aacdec_tii_lc_elf.l64P : aac_pns.obj (.text:AACDEC_TII_GenRandVector)
                  9ed9ed80    00000240                            : aac_iquant.obj (.text:AACDEC_TII_InverseQuantize)
                  9ed9efc0    00000240                            : aac_parse_block.obj (.text:AACDEC_TII_ParseBlock_Adts_Header)
                  9ed9f200    00000240     analytics.ae674 : dmval_elf_plink.out (.text:AssociateBlobToObj:TZmultiScaleTargetDetection2.obj)
                  9ed9f440    00000240                     : dmval_elf_plink.out (.text:DMVAL_writePolygonMask:DMVAL_writePolygonMask.obj)
                  9ed9f680    00000240                     : dmval_elf_plink.out (.text:DMVAL_writePolygonMaskFullSize:DMVAL_writePolygonMask.obj)
                  9ed9f8c0    00000240                     : dmval_elf_plink.out (.text:Frame_copy:DMVAL_ccFrame.obj)
                  9ed9fb00    00000240     dvr_rdk_bios6.ae674 : nullLink_tsk.oe674 (.text:NullLink_tskMain)
                  9ed9fd40    00000240                         : system_ipc_notify.oe674 (.text:System_ipcNotifyDeInit)
                  9ed9ff80    00000240                         : utils_bit_buf.oe674 (.text:Utils_bitbufGetFull)
                  9eda01c0    00000240                         : utils_dsp.oe674 (.text:Utils_dspInit)
                  9eda0400    00000240                         : utils_mem.oe674 (.text:Utils_memExtraRemoteAllocLocal)
                  9eda0640    00000240     rts6740_elf.lib : _printfi.obj (.text:_pproc_diouxp)
                  9eda0880    00000240     ipc.lib : Ipc.obj (.text:ti_sdo_ipc_MessageQ_Instance_finalize__F)
                  9eda0ac0    00000240     sysbios.lib : BIOS.obj (.text:ti_sysbios_family_c64p_Exception_internalHandler__I)
                  9eda0d00    00000240                 : BIOS.obj (.text:ti_sysbios_utils_Load_taskDeleteHook__E)
                  9eda0f40    00000220     aacdec_tii_lc_elf.l64P : aac_huffdec1.obj (.text:AACDEC_TII_GetIcsInfo)
                  9eda1160    00000220                            : aac_decode_block.obj (.text:AACDEC_TII_InverseQuantizer)
                  9eda1380    00000220                            : aac_rescale.obj (.text:AACDEC_TII_Rescale)
                  9eda15a0    00000220                            : aac_decode_block.obj (.text:AACDEC_TII_deinterleave)
                  9eda17c0    00000220     dvr_rdk_bios6.ae674 : algLink_priv.oe674 (.text:AlgLink_algDelete)
                  9eda19e0    00000220                         : csl_emac_816x.oe674 (.text:EMAC_start)
                  9eda1c00    00000220     ipc.lib : Ipc.obj (.text:MessageQ_get)
                  9eda1e20    00000220             : Ipc.obj (.text:MultiProc_getId)
                  9eda2040    00000220     rpe.ae674 : rpe_server.oe674 (.text:RpeServer_create)
                  9eda2260    00000220     dvr_rdk_bios6.ae674 : system_ipc_msgq.oe674 (.text:System_ipcMsgQTskCreate)
                  9eda2480    00000220     analytics.ae674 : dmval_elf_plink.out (.text:TZhistogram1DU08_packed:TZhistogram1DU08_packed.obj)
                  9eda26a0    00000220                     : dmval_elf_plink.out (.text:TZkalmanFilterPredict2x4:TZkalmanFilterPredict2x4.obj)
                  9eda28c0    00000220     dvr_rdk_bios6.ae674 : utils_buf.oe674 (.text:Utils_bufGetFull)
                  9eda2ae0    00000220                         : utils_mem.oe674 (.text:Utils_memInit)
                  9eda2d00    00000220     rts6740_elf.lib : _printfi.obj (.text:_pproc_str)
                  9eda2f20    00000220     dskt2.ae674 : dskt2_lock.oe674 (.text)
                  9eda3140    00000220     ipc.lib : Ipc.obj (.text:ti_sdo_ipc_GateMP_start__F)
                  9eda3360    00000220             : Ipc.obj (.text:ti_sdo_ipc_transports_TransportShm_Instance_finalize__F)
                  9eda3580    00000220     sysbios.lib : BIOS.obj (.text:ti_sysbios_knl_Task_exit__E)
                  9eda37a0    00000220                 : BIOS.obj (.text:ti_sysbios_knl_Task_postInit__I)
                  9eda39c0    00000220                 : BIOS.obj (.text:ti_sysbios_knl_Task_schedule__I)
                  9eda3be0    00000220                 : BIOS.obj (.text:ti_sysbios_knl_Task_startup__E)
                  9eda3e00    00000200     aacdec_tii_lc_elf.l64P : aac_tns.obj (.text:AACDEC_TII_TnsArFilter)
                  9eda4000    00000200                            : aac_ifilterbank_nmwt.obj (.text:AACDEC_TII_WinOvaddShort)
                  9eda4200    00000200     dvr_rdk_bios6.ae674 : scdLink_alg.oe674 (.text:AlgLink_ScdprintStatistics)
                  9eda4400    00000200     analytics.ae674 : dmval_elf_plink.out (.text:DMVAL_VEMqueryEventHistory:DMVAL_vem.obj)
                  9eda4600    00000200                     : dmval_elf_plink.out (.text:DMVAL_tamperInitAtCreate:DMVAL_tamperInit.obj)
                  9eda4800    00000200     ipc.lib : Ipc.obj (.text:GateMP_enter)
                  9eda4a00    00000200             : Ipc.obj (.text:GateMP_leave)
                  9eda4c00    00000200     dvr_rdk_bios6.ae674 : ipcBitsOutLink_tsk.oe674 (.text:IpcBitsOutLink_deInit)
                  9eda4e00    00000200                         : ipcFramesInLink_tsk.oe674 (.text:IpcFramesInLink_init)
                  9eda5000    00000200                         : ipcFramesOutLink_tsk.oe674 (.text:IpcFramesOutLink_deInit)
                  9eda5200    00000200     ipc.lib : Ipc.obj (.text:ListMP_openByAddr)
                  9eda5400    00000200     scd.ae674 : SCD_segmentEngineProcess.oe674 (.text:SCD_segmentFGblk_c)
                  9eda5600    00000200     dvr_rdk_bios6.ae674 : selectLink_tsk.oe674 (.text:SelectLink_init)
                  9eda5800    00000200                         : system_ipc_listMP.oe674 (.text:System_ipcListMPDelete)
                  9eda5a00    00000200     rpe.ae674 : xdm_server.oe674 (.text:XdmServer_create)
                  9eda5c00    00000200     rts6740_elf.lib : _printfi.obj (.text:_pconv_g)
                  9eda5e00    00000200     sysbios.lib : c64p_Hwi_disp_always.obj (.text:_ti_sysbios_family_c64p_Hwi_dispatchAlways)
                  9eda6000    00000200                 : BIOS.obj (.text:block$5)
                  9eda6200    00000200     ipc.lib : Ipc.obj (.text:ti_sdo_ipc_notifyDrivers_NotifyDriverShm_sendEvent__E)
                  9eda6400    00000200     sysbios.lib : BIOS.obj (.text:ti_sysbios_family_c64p_Hwi_reconfig__E)
                  9eda6600    00000200                 : BIOS.obj (.text:ti_sysbios_knl_Swi_Instance_init__F)
                  9eda6800    00000200                 : BIOS.obj (.text:ti_sysbios_timers_dmtimer_Timer_start__E)
                  9eda6a00    00000200     dvr_rdk_bios6.ae674 : algLink_priv.oe674 (.text:utilsmem_memstats_getusedsize)
                  9eda6c00    00000200                         : ipcBitsOutLink_tsk.oe674 (.text:utilsmem_memstats_getusedsize)
                  9eda6e00    000001e0     aacdec_tii_lc_elf.l64P : aac_huffman.obj (.text:AACDEC_TII_HuffDecodeLoop1)
                  9eda6fe0    000001e0                            : aac_huffman.obj (.text:AACDEC_TII_HuffDecodeLoop5)
                  9eda71c0    000001e0                            : aac_parse_block.obj (.text:AACDEC_TII_ParseBlock)
                  9eda73a0    000001e0                            : aac_ifilterbank_nmwt.obj (.text:AACDEC_TII_ShortWindowing)
                  9eda7580    000001e0     dvr_rdk_bios6.ae674 : algLink_tsk.oe674 (.text:AlgLink_init)
                  9eda7760    000001e0     analytics.ae674 : dmval_elf_plink.out (.text:DMVAL_initModule:DMVAL_initMem.obj)
                  9eda7940    000001e0     dvr_rdk_bios6.ae674 : system_common.oe674 (.text:System_getSelfProcId)
                  9eda7b20    000001e0                         : utils_bit_buf.oe674 (.text:Utils_bitbufGetEmptyBuf)
                  9eda7d00    000001e0                         : utils_mem.oe674 (.text:Utils_memExtraRemoteFree)
                  9eda7ee0    000001e0     aacdec_tii_lc_elf.l64P : aac_tii_ialg.obj (.text:algInit:AACDEC_TII_algInit)
                  9eda80c0    000001e0     edma3_lld_rm.ae674 : edma3resmgr.oe674 (.text:allocAnyContigRes)
                  9eda82a0    000001e0     ipc.lib : Ipc.obj (.text:ti_sdo_ipc_GateMP_attach__F)
                  9eda8480    000001e0             : Ipc.obj (.text:ti_sdo_ipc_GateMP_getFreeResource__I)
                  9eda8660    000001e0     sysbios.lib : BIOS.obj (.text:ti_sysbios_family_c64p_Hwi_Instance_init__F)
                  9eda8840    000001e0                 : BIOS.obj (.text:ti_sysbios_knl_Swi_Instance_finalize__F)
                  9eda8a20    000001e0                 : BIOS.obj (.text:ti_sysbios_utils_Load_idleFxn__E)
                  9eda8c00    000001e0     dvr_rdk_bios6.ae674 : ipcFramesInLink_tsk.oe674 (.text:utilsmem_memstats_getusedsize)
                  9eda8de0    000001e0                         : ipcFramesOutLink_tsk.oe674 (.text:utilsmem_memstats_getusedsize)
                  9eda8fc0    000001c0     aacdec_tii_lc_elf.l64P : aac_config.obj (.text:AACDEC_TII_GetAdtsHeader)
                  9eda9180    000001c0                            : aac_huffman.obj (.text:AACDEC_TII_HuffDecodeLoop3)
                  9eda9340    000001c0     dvr_rdk_bios6.ae674 : scdLink_alg.oe674 (.text:AlgLink_ScdalgSetChScdMode)
                  9eda9500    000001c0     analytics.ae674 : dmval_elf_plink.out (.text:DMVAL_resetBrain:DMVAL_initMem.obj)
                  9eda96c0    000001c0     edma3_lld_rm.ae674 : edma3resmgr.oe674 (.text:EDMA3_RM_close)
                  9eda9880    000001c0                        : edma3resmgr.oe674 (.text:EDMA3_RM_freeContiguousResource)
                  9eda9a40    000001c0     dvr_rdk_bios6.ae674 : csl_emac_816x.oe674 (.text:EMAC_setReceiveFilter)
                  9eda9c00    000001c0                         : eth_offload_emac.oe674 (.text:ETH_OFFLOAD_Emac_TaskInit)
                  9eda9dc0    000001c0                         : mergeLink_tsk.oe674 (.text:MergeLink_init)
                  9eda9f80    000001c0                         : system_common.oe674 (.text:System_memPrintHeapStatus)
                  9edaa140    000001c0     analytics.ae674 : dmval_elf_plink.out (.text:TZmeasureAndCompare:TZmeasureAndCompare.obj)
                  9edaa300    000001c0     dvr_rdk_bios6.ae674 : utils_bit_buf.oe674 (.text:Utils_bitbufCreate)
                  9edaa4c0    000001c0                         : utils_bit_buf.oe674 (.text:Utils_bitbufPutEmptyBuf)
                  9edaa680    000001c0     rpe.ae674 : utils_task_bios.oe674 (.text:Utils_taskCreate)
                  9edaa840    000001c0     scd.ae674 : VLIB_updateEWRVarianceS16_i.oe674 (.text:VLIB_updateEWRVarianceS16_i)
                  9edaaa00    000001c0     rts6740_elf.lib : _printfi.obj (.text:_mcpy)
                  9edaabc0    000001c0     mp4aacenc_tij_lc_elf.l67 : mp4aacenc_tij.obj (.text:aacEncProgram:MP4AACENC_TIJ_process)
                  9edaad80    000001c0     ipc.lib : Ipc.obj (.text:ti_sdo_ipc_family_ti81xx_InterruptDsp_intUnregister__E)
                  9edaaf40    000001c0             : Ipc.obj (.text:ti_sdo_ipc_family_ti81xx_NotifySetup_attach__E)
                  9edab100    000001c0             : Ipc.obj (.text:ti_sdo_ipc_notifyDrivers_NotifyDriverShm_registerEvent__E)
                  9edab2c0    000001c0     sysbios.lib : BIOS.obj (.text:ti_sysbios_knl_Swi_post__E)
                  9edab480    000001c0                 : BIOS.obj (.text:ti_sysbios_knl_Swi_schedule__I)
                  9edab640    000001c0                 : BIOS.obj (.text:ti_sysbios_knl_Task_checkStacks__E)
                  9edab800    000001c0                 : BIOS.obj (.text:ti_sysbios_xdcruntime_GateProcessSupport_leave__F)
                  9edab9c0    000001c0     vlib.ae674 : VLIB_updateEWRVarianceS16_i.obj (.text)
                  9edabb80    000001a0     aacdec_tii_lc_elf.l64P : aac_crc.obj (.text:AACDEC_TII_AccumulateCRCFromStream)
                  9edabd20    000001a0                            : aac_parser.obj (.text:AACDEC_TII_GetData)
                  9edabec0    000001a0                            : aac_huffdec2.obj (.text:AACDEC_TII_GetMask)
                  9edac060    000001a0                            : aac_huffman.obj (.text:AACDEC_TII_HuffDecodeLoop0)
                  9edac200    000001a0                            : aac_ifilterbank_nmwt.obj (.text:AACDEC_TII_Post_Processing)
                  9edac3a0    000001a0     dvr_rdk_bios6.ae674 : scdLink_processTsk.oe674 (.text:AlgLink_scdAlgProcessTskMain)
                  9edac540    000001a0     analytics.ae674 : dmval_elf_plink.out (.text:DMVAL_EDMA3_setParams:DMVAL_dsp_edma.obj)
                  9edac6e0    000001a0     dvr_rdk_bios6.ae674 : eth_offload_rpc.oe674 (.text:ETH_OFFLOAD_Rpc_Worker)
                  9edac880    000001a0     ipc.lib : Ipc.obj (.text:HeapMemMP_openByAddr)
                  9edaca20    000001a0     dvr_rdk_bios6.ae674 : nullLink_tsk.oe674 (.text:NullLink_init)
                  9edacbc0    000001a0     ipc.lib : Ipc.obj (.text:SharedRegion_entryInit)
                  9edacd60    000001a0             : Ipc.obj (.text:SharedRegion_getCacheLineSize)
                  9edacf00    000001a0             : Ipc.obj (.text:SharedRegion_getHeap)
                  9edad0a0    000001a0             : Ipc.obj (.text:SharedRegion_isCacheEnabled)
                  9edad240    000001a0     rpe.ae674 : utils_shmem.oe674 (.text:Utils_initSharedRegionAddressTable)
                  9edad3e0    000001a0     dvr_rdk_bios6.ae674 : utils_mem.oe674 (.text:Utils_memBitBufAlloc)
                  9edad580    000001a0                         : utils_mem.oe674 (.text:Utils_memFree)
                  9edad720    000001a0     rpe.ae674 : xdm_server_marshall.oe674 (.text:XdmServer_marshallXdm1BufDescArgs)
                  9edad8c0    000001a0     rts6740_elf.lib : imath40.obj (.text:__c6xabi_divul)
                  9edada60    000001a0     edma3_lld_rm.ae674 : edma3resmgr.oe674 (.text:edma3GlobalRegionInit)
                  9edadc00    000001a0     ipc.lib : Ipc.obj (.text:ti_sdo_ipc_GateMP_openRegion0Reserved__F)
                  9edadda0    000001a0             : Ipc.obj (.text:ti_sdo_ipc_gates_GateHWSpinlock_enter__E)
                  9edadf40    000001a0             : Ipc.obj (.text:ti_sdo_ipc_notifyDrivers_NotifyDriverShm_enableEvent__E)
                  9edae0e0    000001a0     sysbios.lib : BIOS.obj (.text:ti_sysbios_family_c64p_Hwi_Instance_finalize__F)
                  9edae280    000001a0                 : BIOS.obj (.text:ti_sysbios_gates_GateMutexPri_leave__E)
                  9edae420    000001a0                 : BIOS.obj (.text:ti_sysbios_gates_GateMutex_enter__E)
                  9edae5c0    000001a0                 : BIOS.obj (.text:ti_sysbios_heaps_HeapMem_Instance_init__F)
                  9edae760    000001a0                 : BIOS.obj (.text:ti_sysbios_knl_Semaphore_post__E)
                  9edae900    000001a0                 : BIOS.obj (.text:ti_sysbios_knl_Task_yield__E)
                  9edaeaa0    00000180     aacdec_tii_lc_elf.l64P : aac_decode_block.obj (.text:AACDEC_TII_ScalefactorToQpt)
                  9edaec20    00000180     dvr_rdk_bios6.ae674 : scdLink_processTsk.oe674 (.text:AlgLink_scdAlgProcessTskSendCmd)
                  9edaeda0    00000180     analytics.ae674 : dmval_elf_plink.out (.text:DMVAL_VEMaddEvent:DMVAL_vem.obj)
                  9edaef20    00000180                     : dmval_elf_plink.out (.text:DMVAL_assignTamperMem:DMVAL_assignMem.obj)
                  9edaf0a0    00000180                     : dmval_elf_plink.out (.text:DMVAL_resetModule:DMVAL_reset.obj)
                  9edaf220    00000180     edma3_lld_rm.ae674 : edma3resmgr.oe674 (.text:EDMA3_RM_setPaRAM)
                  9edaf3a0    00000180     dvr_rdk_bios6.ae674 : eth_offload_emac.oe674 (.text:ETH_OFFLOAD_emacOpen)
                  9edaf520    00000180     rts6740_elf.lib : trgdrv.obj (.text:HOSTrename)
                  9edaf6a0    00000180     ipc.lib : Ipc.obj (.text:MultiProc_getName)
                  9edaf820    00000180             : Ipc.obj (.text:Notify_intLineRegistered)
                  9edaf9a0    00000180     rpe.ae674 : rpe_server.oe674 (.text:RpeServer_getClientConfig)
                  9edafb20    00000180     scd.ae674 : SCD_segmentEngineProcess.oe674 (.text:SCD_segmentFGfrm_c)
                  9edafca0    00000180     analytics.ae674 : dmval_elf_plink.out (.text:TZgetImagePyramidScales:TZgetImagePyramidScales.obj)
                  9edafe20    00000180     dvr_rdk_bios6.ae674 : utils_dma_dsp_bios6.oe674 (.text:Utils_edma3Close)
                  9edaffa0    00000180                         : utils_mem.oe674 (.text:Utils_memExtraRemoteFreeLocal)
                  9edb0120    00000180     rts6740_elf.lib : setvbuf.obj (.text:setvbuf)
                  9edb02a0    00000180     sysbios.lib : c64p_Exception_asm.obj (.text)
                  9edb0420    00000180     dvr_rdk_bios6.ae674 : system_ipc_msgq.oe674 (.text:system_ipcmsgq_free)
                  9edb05a0    00000180     ipc.lib : Ipc.obj (.text:ti_sdo_ipc_MessageQ_registerTransport__F)
                  9edb0720    00000180             : Ipc.obj (.text:ti_sdo_ipc_Notify_Module_startup__F)
                  9edb08a0    00000180             : Ipc.obj (.text:ti_sdo_ipc_SharedRegion_resetInternalFields__F)
                  9edb0a20    00000180             : Ipc.obj (.text:ti_sdo_ipc_gates_GatePeterson_enter__E)
                  9edb0ba0    00000180             : Ipc.obj (.text:ti_sdo_ipc_notifyDrivers_NotifyDriverShm_unregisterEvent__E)
                  9edb0d20    00000180             : Ipc.obj (.text:ti_sdo_utils_NameServer_Module_startup__F)
                  9edb0ea0    00000180     sysbios.lib : BIOS.obj (.text:ti_sysbios_heaps_HeapBuf_Module_startup__F)
                  9edb1020    00000180                 : BIOS.obj (.text:ti_sysbios_knl_Task_unblockI__E)
                  9edb11a0    00000180                 : BIOS.obj (.text:ti_sysbios_syncs_SyncSem_Instance_init__F)
                  9edb1320    00000180     ti.targets.rts6000.ae674 : Text.oe674 (.text:xdc_runtime_Text_putSite__F)
                  9edb14a0    00000160     aacdec_tii_lc_elf.l64P : aac_scale.obj (.text:AACDEC_TII_DQCoef)
                  9edb1600    00000160                            : aac_huffdec2.obj (.text:AACDEC_TII_Huffcb)
                  9edb1760    00000160                            : aac_tns.obj (.text:AACDEC_TII_TnsDecodeCoef)
                  9edb18c0    00000160                            : aac_ifilterbank_nmwt.obj (.text:AACDEC_TII_WinLFT)
                  9edb1a20    00000160     dvr_rdk_bios6.ae674 : scdLink_alg.oe674 (.text:AlgLink_ScdalgSetChScdSensitivity)
                  9edb1b80    00000160     analytics.ae674 : dmval_elf_plink.out (.text:DMVAL_assignMetaMem:DMVAL_assignMem.obj)
                  9edb1ce0    00000160                     : dmval_elf_plink.out (.text:DMVAL_assignObjectCountMem:DMVAL_assignMem.obj)
                  9edb1e40    00000160                     : dmval_elf_plink.out (.text:DMVAL_tamperAveragePixelValue:DMVAL_tamperDecision_ci.obj)
                  9edb1fa0    00000160     ecpy.ae674 : ecpy_init.oe674 (.text:ECPY_exit)
                  9edb2100    00000160     dvr_rdk_bios6.ae674 : csl_emac_816x.oe674 (.text:EMAC_process)
                  9edb2260    00000160     analytics.ae674 : dmval_elf_plink.out (.text:OCkalmanFilterInitialize2x4:OCkalmanFilterInitialize.obj)
                  9edb23c0    00000160     rpe.ae674 : rpe_server.oe674 (.text:RpeServer_checkServerConfig)
                  9edb2520    00000160               : rpe_fxncall.oe674 (.text:Rpe_makeFunctionCall)
                  9edb2680    00000160     dvr_rdk_bios6.ae674 : selectLink_tsk.oe674 (.text:SelectLink_putEmptyFrames)
                  9edb27e0    00000160                         : system_ipc_listMP.oe674 (.text:System_ipcListMPAllocListElemMem)
                  9edb2940    00000160     analytics.ae674 : dmval_elf_plink.out (.text:TZkalmanFilterInitialize2x4:TZkalmanFilterInitialize2x4.obj)
                  9edb2aa0    00000160     dvr_rdk_bios6.ae674 : utils_buf.oe674 (.text:Utils_bufCreate)
                  9edb2c00    00000160                         : utils_prf.oe674 (.text:Utils_prfLoadUpdate)
                  9edb2d60    00000160                         : utils_tsk.oe674 (.text:Utils_tskDelete)
                  9edb2ec0    00000160                         : utils_tsk.oe674 (.text:Utils_tskFlushMsg)
                  9edb3020    00000160     edma3_lld_rm.ae674 : edma3resmgr.oe674 (.text:edma3ShadowRegionInit)
                  9edb3180    00000160     sysbios.lib : BIOS.obj (.text:rtsUnlock$0)
                  9edb32e0    00000160     ipc.lib : Ipc.obj (.text:ti_sdo_ipc_GateMP_createLocal__F)
                  9edb3440    00000160             : Ipc.obj (.text:ti_sdo_ipc_MessageQ_unregisterTransport__F)
                  9edb35a0    00000160             : Ipc.obj (.text:ti_sdo_ipc_family_ti81xx_InterruptDsp_intDisable__E)
                  9edb3700    00000160             : Ipc.obj (.text:ti_sdo_ipc_family_ti81xx_InterruptDsp_intEnable__E)
                  9edb3860    00000160             : Ipc.obj (.text:ti_sdo_ipc_gates_GateHWSpinlock_Module_startup__F)
                  9edb39c0    00000160             : Ipc.obj (.text:ti_sdo_utils_NameServer_isRegistered__E)
                  9edb3b20    00000160             : Ipc.obj (.text:ti_sdo_utils_NameServer_registerRemoteDriver__E)
                  9edb3c80    00000160             : Ipc.obj (.text:ti_sdo_utils_NameServer_unregisterRemoteDriver__E)
                  9edb3de0    00000160     sysbios.lib : BIOS.obj (.text:ti_sysbios_utils_Load_taskCreateHook__E)
                  9edb3f40    00000140     aacdec_tii_lc_elf.l64P : aac_huffdec2.obj (.text:AACDEC_TII_CalcGsfbTable)
                  9edb4080    00000140                            : aac_ifft.obj (.text:AACDEC_TII_IFFTStagex)
                  9edb41c0    00000140                            : aac_intensit.obj (.text:AACDEC_TII_Intensity)
                  9edb4300    00000140                            : aac_decode_block.obj (.text:AACDEC_TII_IntensityStereo)
                  9edb4440    00000140                            : aac_ms_tool.obj (.text:AACDEC_TII_MSTool)
                  9edb4580    00000140                            : aac_decode_block.obj (.text:AACDEC_TII_MS_Stereo)
                  9edb46c0    00000140                            : aac_ifft.obj (.text:AACDEC_TII_PreTwiddle)
                  9edb4800    00000140                            : aac_decoder.obj (.text:AACDEC_TII_init)
                  9edb4940    00000140     dvr_rdk_bios6.ae674 : scdLink_alg.oe674 (.text:AlgLink_ScdalgUpdateChVaParam)
                  9edb4a80    00000140                         : algLink_priv.oe674 (.text:AlgLink_algProcessData)
                  9edb4bc0    00000140     app_link.oe674 (.text:AppLink_init)
                  9edb4d00    00000140     analytics.ae674 : dmval_elf_plink.out (.text:DMVAL_EDMA3_triggerTransfer:DMVAL_dsp_edma.obj)
                  9edb4e40    00000140                     : dmval_elf_plink.out (.text:DMVAL_assignTripZoneMem:DMVAL_assignMem.obj)
                  9edb4f80    00000140                     : dmval_elf_plink.out (.text:DMVAL_smetaGetFGBlobs:DMVAL_smetaGetFGBlobs.obj)
                  9edb50c0    00000140     edma3_lld_rm.ae674 : edma3resmgr.oe674 (.text:EDMA3_RM_getInstanceInitCfg)
                  9edb5200    00000140     ipc.lib : Ipc.obj (.text:GateMP_close)
                  9edb5340    00000140     analytics.ae674 : dmval_elf_plink.out (.text:List_Add:DMVAL_List.obj)
                  9edb5480    00000140     ipc.lib : Ipc.obj (.text:MessageQ_registerHeap)
                  9edb55c0    00000140             : Ipc.obj (.text:MessageQ_unblock)
                  9edb5700    00000140     dvr_rdk_bios6.ae674 : systemLink_tsk_c6xdsp.oe674 (.text:SystemLink_init)
                  9edb5840    00000140                         : systemLink_tsk_c6xdsp.oe674 (.text:SystemLink_tskMain)
                  9edb5980    00000140                         : system_common.oe674 (.text:System_main)
                  9edb5ac0    00000140     analytics.ae674 : dmval_elf_plink.out (.text:TZvectorAngle:TZvectorAngle.obj)
                  9edb5c00    00000140     dvr_rdk_bios6.ae674 : utils_dsp.oe674 (.text:Utils_dspDeInit)
                  9edb5d40    00000140                         : utils_mem.oe674 (.text:Utils_memExtraRemoteAlloc)
                  9edb5e80    00000140                         : utils_que.oe674 (.text:Utils_queGet)
                  9edb5fc0    00000140                         : utils_que.oe674 (.text:Utils_quePut)
                  9edb6100    00000140                         : utils_que.oe674 (.text:Utils_queUnBlock)
                  9edb6240    00000140                         : utils_tsk.oe674 (.text:Utils_tskMain)
                  9edb6380    00000140                         : remote_debug_server_c6xdsp.oe674 (.text:Vps_rprintf)
                  9edb64c0    00000140     boot.ae674 : autoinit.oe674 (.text:_auto_init_elf)
                  9edb6600    00000140     rts6740_elf.lib : _printfi.obj (.text:_pproc_fflags)
                  9edb6740    00000140                     : fputc.obj (.text:fputc)
                  9edb6880    00000140                     : lowlev.obj (.text:getdevice)
                  9edb69c0    00000140     scd.ae674 : VLIB_updateEWRMeanS16_i.oe674 (.text:intrinsic:VLIB_updateEWRMeanS16_i)
                  9edb6b00    00000140     ipc.lib : Ipc.obj (.text:ti_sdo_ipc_Notify_exec__F)
                  9edb6c40    00000140             : Ipc.obj (.text:ti_sdo_ipc_family_ti81xx_InterruptDsp_intShmStub__I)
                  9edb6d80    00000140             : Ipc.obj (.text:ti_sdo_ipc_transports_TransportShm_sharedMemReq__F)
                  9edb6ec0    00000140     sysbios.lib : BIOS.obj (.text:ti_sysbios_gates_GateSwi_enter__E)
                  9edb7000    00000140                 : BIOS.obj (.text:ti_sysbios_knl_Clock_Instance_finalize__F)
                  9edb7140    00000140                 : BIOS.obj (.text:ti_sysbios_knl_Semaphore_Instance_init__F)
                  9edb7280    00000140                 : BIOS.obj (.text:ti_sysbios_knl_Task_blockI__E)
                  9edb73c0    00000140                 : BIOS.obj (.text:ti_sysbios_utils_Load_addTask__E)
                  9edb7500    00000140     vlib.ae674 : VLIB_updateEWRMeanS16_i.obj (.text)
                  9edb7640    00000140     ti.targets.rts6000.ae674 : GateProcess.oe674 (.text:xdc_runtime_knl_GateProcess_Instance_init__F)
                  9edb7780    00000120     aacdec_tii_lc_elf.l64P : aac_parser.obj (.text:AACDEC_TII_GetFill)
                  9edb78a0    00000120                            : aac_ifft.obj (.text:AACDEC_TII_IFFT)
                  9edb79c0    00000120                            : aac_ifft.obj (.text:AACDEC_TII_PostTwiddle)
                  9edb7ae0    00000120                            : aac_decode_block.obj (.text:AACDEC_TII_Set_Pointers)
                  9edb7c00    00000120                            : aac_decoder.obj (.text:AACDEC_TII_SyncCheck)
                  9edb7d20    00000120                            : aac_parser.obj (.text:AACDEC_TII_SyncSeek)
                  9edb7e40    00000120                            : aac_ifilterbank_nmwt.obj (.text:AACDEC_TII_WinEFT)
                  9edb7f60    00000120                            : aac_ifilterbank_nmwt.obj (.text:AACDEC_TII_WinLFF)
                  9edb8080    00000120     dvr_rdk_bios6.ae674 : scdLink_alg.oe674 (.text:AlgLink_ScdalgSetChblkUpdate)
                  9edb81a0    00000120     edma3_lld_rm.ae674 : edma3resmgr.oe674 (.text:EDMA3_RM_waitAndClearTcc)
                  9edb82c0    00000120     dvr_rdk_bios6.ae674 : csl_emac_816x.oe674 (.text:EMAC_enqTxDesc)
                  9edb83e0    00000120                         : eth_offload_emac.oe674 (.text:ETH_OFFLOAD_Emac_copyHeader)
                  9edb8500    00000120                         : eth_offload_rpc.oe674 (.text:ETH_OFFLOAD_Rpc_DeInit)
                  9edb8620    00000120                         : ipcBitsOutLink_tsk.oe674 (.text:IpcBitsOutLink_notifyCb)
                  9edb8740    00000120                         : ipcFramesInLink_tsk.oe674 (.text:IpcFramesInLink_notifyCb)
                  9edb8860    00000120                         : ipcFramesOutLink_tsk.oe674 (.text:IpcFramesOutLink_notifyCb)
                  9edb8980    00000120     analytics.ae674 : dmval_elf_plink.out (.text:List_Sort:DMVAL_List.obj)
                  9edb8aa0    00000120     ipc.lib : Ipc.obj (.text:MessageQ_unregisterHeap)
                  9edb8bc0    00000120     rpe.ae674 : rpe_server.oe674 (.text:RpeServer_defaultServerTask)
                  9edb8ce0    00000120               : rpe_server.oe674 (.text:RpeServer_init)
                  9edb8e00    00000120     dvr_rdk_bios6.ae674 : sw_osd_ti_dmaOpt.oe674 (.text:SWOSD_TI_DMA_FastWait)
                  9edb8f20    00000120                         : sw_osd_ti_alg_if.oe674 (.text:SWOSD_open)
                  9edb9040    00000120                         : system_common.oe674 (.text:System_initCommon)
                  9edb9160    00000120                         : system_ipc_listMP.oe674 (.text:System_ipcListMPClose)
                  9edb9280    00000120                         : system_ipc_notify.oe674 (.text:System_ipcNotifyHandler)
                  9edb93a0    00000120                         : system_common.oe674 (.text:System_start)
                  9edb94c0    00000120                         : utils_dma_dsp.oe674 (.text:Utils_dmaOpen)
                  9edb95e0    00000120                         : utils_prf.oe674 (.text:Utils_prfTsCreate)
                  9edb9700    00000120     rts6740_elf.lib : fclose.obj (.text:fclose)
                  9edb9820    00000120     fcsettings.ae674 : gt_dais.oe674 (.text)
                  9edb9940    00000120     sysbios.lib : BIOS.obj (.text:initDevice$21)
                  9edb9a60    00000120     ipc.lib : Ipc.obj (.text:ti_sdo_ipc_MessageQ_Module_startup__F)
                  9edb9b80    00000120             : Ipc.obj (.text:ti_sdo_ipc_gates_GateHWSpinlock_leave__E)
                  9edb9ca0    00000120             : Ipc.obj (.text:ti_sdo_ipc_nsremote_NameServerRemoteNotify_Instance_finalize__F)
                  9edb9dc0    00000120     sysbios.lib : BIOS.obj (.text:ti_sysbios_timers_dmtimer_Timer_Module_startup__F)
                  9edb9ee0    00000120     ti.targets.rts6000.ae674 : Text.oe674 (.text:xdc_runtime_Text_putLab__F)
                  9edba000    00000100     aacdec_tii_lc_elf.l64P : aac_huffman.obj (.text:AACDEC_TII_GetPrefix)
                  9edba100    00000100                            : aac_ifilterbank_nmwt.obj (.text:AACDEC_TII_IMDCTWrapper)
                  9edba200    00000100                            : aac_tii_decode.obj (.text:AACDEC_TII_reset)
                  9edba300    00000100     dvr_rdk_bios6.ae674 : algLink_tsk.oe674 (.text:AlgLink_getFullBufs)
                  9edba400    00000100                         : scdLink_processTsk.oe674 (.text:AlgLink_scdAlgProcessTskInit)
                  9edba500    00000100     analytics.ae674 : dmval_elf_plink.out (.text:DMVAL_UtilsAreaOverlap:DMVAL_UtilsAreaOverlap.obj)
                  9edba600    00000100                     : dmval_elf_plink.out (.text:DMVAL_checkBGModelFlags:DMVAL_bgModelProcess.obj)
                  9edba700    00000100                     : dmval_elf_plink.out (.text:DMVAL_initIMD:IMD_ctrl.obj)
                  9edba800    00000100                     : dmval_elf_plink.out (.text:DMVAL_printErrorMsg:DMVAL_diagnostics.obj)
                  9edba900    00000100                     : dmval_elf_plink.out (.text:DMVAL_tamperInit:DMVAL_tamperInit.obj)
                  9edbaa00    00000100                     : dmval_elf_plink.out (.text:DMVAL_tamperInitAtAlgoReset:DMVAL_tamperInit.obj)
                  9edbab00    00000100     edma3_lld_rm.ae674 : edma3resmgr.oe674 (.text:EDMA3_RM_checkAndClearTcc)
                  9edbac00    00000100                        : edma3resmgr.oe674 (.text:EDMA3_RM_setCCRegister)
                  9edbad00    00000100     dvr_rdk_bios6.ae674 : csl_emac_816x.oe674 (.text:EMAC_update)
                  9edbae00    00000100                         : eth_offload_q.oe674 (.text:ETH_OFFLOAD_Q_Create)
                  9edbaf00    00000100     rts6740_elf.lib : trgdrv.obj (.text:HOSTlseek)
                  9edbb000    00000100     dvr_rdk_bios6.ae674 : ipcBitsOutLink_tsk.oe674 (.text:IpcBitsOutLink_createPrdObj)
                  9edbb100    00000100                         : ipcFramesInLink_tsk.oe674 (.text:IpcFramesInLink_createPrdObj)
                  9edbb200    00000100                         : ipcFramesInLink_tsk.oe674 (.text:IpcFramesInLink_getFullFrames)
                  9edbb300    00000100                         : ipcFramesOutLink_tsk.oe674 (.text:IpcFramesOutLink_createPrdObj)
                  9edbb400    00000100     analytics.ae674 : dmval_elf_plink.out (.text:Object_init:DMVAL_ccObject.obj)
                  9edbb500    00000100     dvr_rdk_bios6.ae674 : remote_debug_server_c6xdsp.oe674 (.text:RemoteDebug_serverPutString)
                  9edbb600    00000100     rpe.ae674 : rpe_server.oe674 (.text:RpeServer_checkServerClassConfig)
                  9edbb700    00000100     dvr_rdk_bios6.ae674 : system_linkApi.oe674 (.text:System_getLinksFullBufs)
                  9edbb800    00000100                         : system_linkApi.oe674 (.text:System_getLinksFullFrames)
                  9edbb900    00000100                         : system_linkApi.oe674 (.text:System_linkControl)
                  9edbba00    00000100                         : system_linkApi_local.oe674 (.text:System_linkControl_local)
                  9edbbb00    00000100                         : system_linkApi_local.oe674 (.text:System_linkGetInfo_local)
                  9edbbc00    00000100                         : system_linkApi.oe674 (.text:System_putLinksEmptyBufs)
                  9edbbd00    00000100                         : system_linkApi.oe674 (.text:System_putLinksEmptyFrames)
                  9edbbe00    00000100     analytics.ae674 : dmval_elf_plink.out (.text:TZareaOverlap:TZareaOverlap.obj)
                  9edbbf00    00000100                     : dmval_elf_plink.out (.text:TZgetImageDifferenceAndInterleave:TZgetImageDifferenceAndInterleave_ci.obj)
                  9edbc000    00000100                     : dmval_elf_plink.out (.text:TZinsertionSort:TZinsertionSort.obj)
                  9edbc100    00000100     dvr_rdk_bios6.ae674 : utils_dma_dsp.oe674 (.text:Utils_dmaDeleteChDSP)
                  9edbc200    00000100                         : utils_mbx.oe674 (.text:Utils_mbxCreate)
                  9edbc300    00000100                         : utils_prf.oe674 (.text:Utils_prfGetTaskName)
                  9edbc400    00000100                         : utils_prf.oe674 (.text:Utils_prfLoadCalcReset)
                  9edbc500    00000100                         : utils_prf.oe674 (.text:Utils_prfLoadRegister)
                  9edbc600    00000100                         : utils_prf.oe674 (.text:Utils_prfTsPrint)
                  9edbc700    00000100     rts6740_elf.lib : _printfi.obj (.text:_ltostr)
                  9edbc800    00000100                     : _io_perm.obj (.text:_wrt_ok)
                  9edbc900    00000100                     : fflush.obj (.text:fflush)
                  9edbca00    00000100     edma3_lld_rm.ae674 : edma3resmgr.oe674 (.text:findBitInWord)
                  9edbcb00    00000100     ipc.lib : Ipc.obj (.text:ti_sdo_ipc_Notify_Instance_finalize__F)
                  9edbcc00    00000100             : Ipc.obj (.text:ti_sdo_ipc_SharedRegion_attach__F)
                  9edbcd00    00000100             : Ipc.obj (.text:ti_sdo_ipc_SharedRegion_clearReservedMemory__F)
                  9edbce00    00000100             : Ipc.obj (.text:ti_sdo_ipc_gates_GateMPSupportNull_enter__E)
                  9edbcf00    00000100             : Ipc.obj (.text:ti_sdo_ipc_gates_GateMPSupportNull_leave__E)
                  9edbd000    00000100     sysbios.lib : BIOS.obj (.text:ti_sysbios_gates_GateAll_leave__E)
                  9edbd100    00000100                 : BIOS.obj (.text:ti_sysbios_knl_Clock_start__E)
                  9edbd200    00000100                 : BIOS.obj (.text:ti_sysbios_knl_Swi_restoreHwi__E)
                  9edbd300    00000100     ti.targets.rts6000.ae674 : Core-mem.oe674 (.text:xdc_runtime_Core_deleteObject__I)
                  9edbd400    00000100                              : Startup.oe674 (.text:xdc_runtime_Startup_exec__F)
                  9edbd500    00000100                              : Text.oe674 (.text:xdc_runtime_Text_putMod__F)
                  9edbd600    00000100                              : Text.oe674 (.text:xdc_runtime_Text_visitRope2__I)
                  9edbd700    000000e0     aacdec_tii_lc_elf.l64P : aac_config.obj (.text:AACDEC_TII_EnterChannel)
                  9edbd7e0    000000e0                            : aac_getbits.obj (.text:AACDEC_TII_GetBits)
                  9edbd8c0    000000e0                            : aac_huffman.obj (.text:AACDEC_TII_GetBits_inline)
                  9edbd9a0    000000e0                            : aac_ifilterbank_nmwt.obj (.text:AACDEC_TII_WinEFF)
                  9edbda80    000000e0                            : aac_ifilterbank_nmwt.obj (.text:AACDEC_TII_WinMFF)
                  9edbdb60    000000e0                            : aac_ifilterbank_nmwt.obj (.text:AACDEC_TII_WinMFT)
                  9edbdc40    000000e0                            : aac_huffdec2.obj (.text:AACDEC_TII_get_pulse_nc)
                  9edbdd20    000000e0     dvr_rdk_bios6.ae674 : algLink_tsk.oe674 (.text:AlgLink_putEmptyBufs)
                  9edbde00    000000e0     analytics.ae674 : dmval_elf_plink.out (.text:CPIS_getSegmentFGblockDim:DMVAL_utility.obj)
                  9edbdee0    000000e0                     : dmval_elf_plink.out (.text:DMVAL_assignIMDMem:DMVAL_assignMem.obj)
                  9edbdfc0    000000e0                     : dmval_elf_plink.out (.text:DMVAL_calcConnectedComponentsMaxBufferSize:DMVAL_ccCreateList.obj)
                  9edbe0a0    000000e0                     : dmval_elf_plink.out (.text:DMVAL_dilatePkdBin_square:DMVAL_dilation.obj)
                  9edbe180    000000e0                     : dmval_elf_plink.out (.text:DMVAL_erodePkdBin_1Pixel:DMVAL_erode.obj)
                  9edbe260    000000e0                     : dmval_elf_plink.out (.text:DMVAL_erodePkdBin_square:DMVAL_erode.obj)
                  9edbe340    000000e0                     : dmval_elf_plink.out (.text:DMVAL_initIMDAtReset:IMD_ctrl.obj)
                  9edbe420    000000e0                     : dmval_elf_plink.out (.text:DMVAL_smetaInitialize:DMVAL_smetaInitialize.obj)
                  9edbe500    000000e0                     : dmval_elf_plink.out (.text:DMVAL_updateEWRVarianceS16:DMVAL_bgModelEWRVarianceS16.obj)
                  9edbe5e0    000000e0     edma3_lld_rm.ae674 : edma3resmgr.oe674 (.text:EDMA3_RM_Ioctl)
                  9edbe6c0    000000e0     dvr_rdk_bios6.ae674 : csl_emac_816x.oe674 (.text:EMAC_enqRxDesc)
                  9edbe7a0    000000e0                         : eth_offload_emac.oe674 (.text:ETH_OFFLOAD_Emac_RpcHandler)
                  9edbe880    000000e0                         : eth_offload_emac.oe674 (.text:ETH_OFFLOAD_Emac_csum)
                  9edbe960    000000e0                         : eth_offload_emac.oe674 (.text:ETH_OFFLOAD_Emac_worker)
                  9edbea40    000000e0                         : eth_offload_q.oe674 (.text:ETH_OFFLOAD_Q_Poll)
                  9edbeb20    000000e0                         : eth_offload_rpc.oe674 (.text:ETH_OFFLOAD_RPC_NotifyHandler)
[...]
9fdfdb78   ti_sysbios_knl_Swi_Module__diagsMask__C
9fdfdb7c   ti_sysbios_knl_Swi_Module__loggerFxn1__C
9fdfdb80   ti_sysbios_knl_Swi_Module__loggerFxn4__C
9fdfdb84   ti_sysbios_knl_Swi_Module__loggerObj__C
9fdfdb88   ti_sysbios_knl_Swi_Object__count__C
9fdfdb8c   ti_sysbios_knl_Swi_Object__heap__C
9fdfdb90   ti_sysbios_knl_Swi_numConstructedSwis__C
9fdfdb94   ti_sysbios_knl_Task_A_badPriority__C
9fdfdb98   ti_sysbios_knl_Task_A_badTaskState__C
9fdfdb9c   ti_sysbios_knl_Task_A_badThreadType__C
9fdfdba0   ti_sysbios_knl_Task_A_badTimeout__C
9fdfdba4   ti_sysbios_knl_Task_A_noPendElem__C
9fdfdba8   ti_sysbios_knl_Task_E_spOutOfBounds__C
9fdfdbac   ti_sysbios_knl_Task_E_stackOverflow__C
9fdfdbb0   ti_sysbios_knl_Task_LD_block__C
9fdfdbb4   ti_sysbios_knl_Task_LD_exit__C
9fdfdbb8   ti_sysbios_knl_Task_LD_ready__C
9fdfdbbc   ti_sysbios_knl_Task_LM_setPri__C
9fdfdbc0   ti_sysbios_knl_Task_LM_sleep__C
9fdfdbc4   ti_sysbios_knl_Task_LM_switch__C
9fdfdbc8   ti_sysbios_knl_Task_LM_yield__C
9fdfdbcc   ti_sysbios_knl_Task_Module_State_inactiveQ__O
9fdfdbd0   ti_sysbios_knl_Task_Module__diagsEnabled__C
9fdfdbd4   ti_sysbios_knl_Task_Module__diagsIncluded__C
9fdfdbd8   ti_sysbios_knl_Task_Module__diagsMask__C
9fdfdbdc   ti_sysbios_knl_Task_Module__loggerFxn2__C
9fdfdbe0   ti_sysbios_knl_Task_Module__loggerFxn4__C
9fdfdbe4   ti_sysbios_knl_Task_Module__loggerObj__C
9fdfdbe8   ti_sysbios_knl_Task_Object__count__C
9fdfdbec   ti_sysbios_knl_Task_Object__heap__C
9fdfdbf0   ti_sysbios_knl_Task_allBlockedFunc__C
9fdfdbf4   ti_sysbios_knl_Task_defaultStackHeap__C
9fdfdbf8   ti_sysbios_knl_Task_defaultStackSize__C
9fdfdbfc   ti_sysbios_knl_Task_numConstructedTasks__C
9fdfdc00   ti_sysbios_syncs_SyncSem_Module__diagsEnabled__C
9fdfdc04   ti_sysbios_syncs_SyncSem_Module__diagsIncluded__C
9fdfdc08   ti_sysbios_syncs_SyncSem_Module__diagsMask__C
9fdfdc0c   ti_sysbios_timers_dmtimer_Timer_E_cannotSupport__C
9fdfdc10   ti_sysbios_timers_dmtimer_Timer_E_freqMismatch__C
9fdfdc14   ti_sysbios_timers_dmtimer_Timer_Module__diagsEnabled__C
9fdfdc18   ti_sysbios_timers_dmtimer_Timer_Module__diagsIncluded__C
9fdfdc1c   ti_sysbios_timers_dmtimer_Timer_Module__diagsMask__C
9fdfdc20   ti_sysbios_timers_dmtimer_Timer_numTimerDevices__C
9fdfdc24   ti_sysbios_utils_Load_LS_cpuLoad__C
9fdfdc28   ti_sysbios_utils_Load_LS_hwiLoad__C
9fdfdc2c   ti_sysbios_utils_Load_LS_swiLoad__C
9fdfdc30   ti_sysbios_utils_Load_LS_taskLoad__C
9fdfdc34   ti_sysbios_utils_Load_Module_State_gate__O
9fdfdc38   ti_sysbios_utils_Load_Module_State_taskList__O
9fdfdc3c   ti_sysbios_utils_Load_Module__diagsEnabled__C
9fdfdc40   ti_sysbios_utils_Load_Module__diagsIncluded__C
9fdfdc44   ti_sysbios_utils_Load_Module__diagsMask__C
9fdfdc48   ti_sysbios_utils_Load_Module__loggerFxn1__C
9fdfdc4c   ti_sysbios_utils_Load_Module__loggerFxn2__C
9fdfdc50   ti_sysbios_utils_Load_Module__loggerFxn4__C
9fdfdc54   ti_sysbios_utils_Load_Module__loggerObj__C
9fdfdc58   ti_sysbios_utils_Load_postUpdate__C
9fdfdc5c   ti_sysbios_utils_Load_windowInMs__C
9fdfdc60   ti_sysbios_xdcruntime_GateProcessSupport_Instance_State_gate__O
9fdfdc64   ti_sysbios_xdcruntime_GateThreadSupport_Instance_State_gate__O
9fdfdc68   ti_sysbios_xdcruntime_SemProcessSupport_Instance_State_sem__O
9fdfdc6c   ti_sysbios_xdcruntime_SemThreadSupport_Instance_State_sem__O
9fdfdc70   xdc_runtime_Assert_E_assertFailed__C
9fdfdc74   xdc_runtime_Core_A_initializedParams__C
9fdfdc78   xdc_runtime_Core_Module__diagsEnabled__C
9fdfdc7c   xdc_runtime_Core_Module__diagsIncluded__C
9fdfdc80   xdc_runtime_Core_Module__diagsMask__C
9fdfdc84   xdc_runtime_Diags_dictBase__C
9fdfdc88   xdc_runtime_Error_E_generic__C
9fdfdc8c   xdc_runtime_Error_E_memory__C
9fdfdc90   xdc_runtime_Error_Module__diagsEnabled__C
9fdfdc94   xdc_runtime_Error_Module__diagsIncluded__C
9fdfdc98   xdc_runtime_Error_Module__diagsMask__C
9fdfdc9c   xdc_runtime_Error_Module__loggerFxn8__C
9fdfdca0   xdc_runtime_Error_Module__loggerObj__C
9fdfdca4   xdc_runtime_Error_policy__C
9fdfdca8   xdc_runtime_Error_raiseHook__C
9fdfdcac   xdc_runtime_IGateProvider_Interface__BASE__C
9fdfdcb0   xdc_runtime_IHeap_Interface__BASE__C
9fdfdcb4   xdc_runtime_IModule_Interface__BASE__C
9fdfdcb8   xdc_runtime_Log_L_error__C
9fdfdcbc   xdc_runtime_Main_Module__diagsEnabled__C
9fdfdcc0   xdc_runtime_Main_Module__diagsIncluded__C
9fdfdcc4   xdc_runtime_Main_Module__diagsMask__C
9fdfdcc8   xdc_runtime_Memory_defaultHeapInstance__C
9fdfdccc   xdc_runtime_Registry_Module__diagsEnabled__C
9fdfdcd0   xdc_runtime_Registry_Module__diagsIncluded__C
9fdfdcd4   xdc_runtime_Registry_Module__diagsMask__C
9fdfdcd8   xdc_runtime_Registry_Module__loggerFxn1__C
9fdfdcdc   xdc_runtime_Registry_Module__loggerFxn2__C
9fdfdce0   xdc_runtime_Registry_Module__loggerFxn4__C
9fdfdce4   xdc_runtime_Registry_Module__loggerFxn8__C
9fdfdce8   xdc_runtime_Registry_Module__loggerObj__C
9fdfdcec   xdc_runtime_Startup_execImpl__C
9fdfdcf0   xdc_runtime_Startup_lastFxns__A
9fdfdcf4   xdc_runtime_Startup_maxPasses__C
9fdfdcf8   xdc_runtime_Startup_sfxnRts__C
9fdfdcfc   xdc_runtime_Startup_sfxnTab__C
9fdfdd00   xdc_runtime_System_Module__gateObj__C
9fdfdd04   xdc_runtime_System_extendFxn__C
9fdfdd08   xdc_runtime_System_maxAtexitHandlers__C
9fdfdd0c   xdc_runtime_Text_charTab__C
9fdfdd10   xdc_runtime_Text_nameEmpty__C
9fdfdd14   xdc_runtime_Text_nameStatic__C
9fdfdd18   xdc_runtime_Text_nameUnknown__C
9fdfdd1c   xdc_runtime_Text_nodeTab__C
9fdfdd20   xdc_runtime_Text_visitRopeFxn__C
9fdfdd24   xdc_runtime_knl_GateProcess_A_invalidKey__C
9fdfdd28   xdc_runtime_knl_GateProcess_Module__diagsEnabled__C
9fdfdd2c   xdc_runtime_knl_GateProcess_Module__diagsIncluded__C
9fdfdd30   xdc_runtime_knl_GateProcess_Module__diagsMask__C
9fdfdd34   xdc_runtime_knl_ISemaphore_Interface__BASE__C
9fdfdd38   xdc_runtime_knl_ISync_Interface__BASE__C
9fdfdd3c   ti_sdo_ipc_GateMP_Module__id__C
9fdfdd40   ti_sdo_ipc_GateMP_Module__loggerDefined__C
9fdfdd44   ti_sdo_ipc_Ipc_Module__id__C
9fdfdd48   ti_sdo_ipc_Ipc_generateSlaveDataForHost__C
9fdfdd4c   ti_sdo_ipc_ListMP_Module__id__C
9fdfdd50   ti_sdo_ipc_MessageQ_Module__id__C
9fdfdd54   ti_sdo_ipc_MessageQ_Module__loggerDefined__C
9fdfdd58   ti_sdo_ipc_Notify_Module__id__C
9fdfdd5c   ti_sdo_ipc_Notify_numLines__C
9fdfdd60   ti_sdo_ipc_Notify_reservedEvents__C
9fdfdd64   ti_sdo_ipc_SharedRegion_Module__id__C
9fdfdd68   ti_sdo_ipc_SharedRegion_numEntries__C
9fdfdd6c   ti_sdo_ipc_SharedRegion_translate__C
9fdfdd70   ti_sdo_ipc_family_ti81xx_InterruptDsp_Module__id__C
9fdfdd74   ti_sdo_ipc_gates_GateHWSpinlock_Module__id__C
9fdfdd78   ti_sdo_ipc_gates_GateHWSpinlock_Module__loggerDefined__C
9fdfdd7c   ti_sdo_ipc_gates_GateMPSupportNull_Module__id__C
9fdfdd80   ti_sdo_ipc_gates_GatePeterson_Module__id__C
9fdfdd84   ti_sdo_ipc_heaps_HeapMemMP_Module__id__C
9fdfdd88   ti_sdo_ipc_notifyDrivers_NotifyDriverShm_Module__id__C
9fdfdd8c   ti_sdo_ipc_nsremote_NameServerRemoteNotify_Module__id__C
9fdfdd90   ti_sdo_ipc_transports_TransportShm_Module__id__C
9fdfdd94   ti_sdo_ipc_transports_TransportShm_notifyEventId__C
9fdfdd98   ti_sdo_utils_MultiProc_Module__id__C
9fdfdd9c   ti_sdo_utils_MultiProc_numProcessors__C
9fdfdda0   ti_sdo_utils_MultiProc_numProcsInCluster__C
9fdfdda4   ti_sdo_utils_NameServer_Module__id__C
9fdfdda8   ti_sdo_utils_NameServer_singleProcessor__C
9fdfddac   ti_sysbios_BIOS_Module__id__C
9fdfddb0   ti_sysbios_family_c64p_Exception_Module__id__C
9fdfddb4   ti_sysbios_family_c64p_Hwi_Module__id__C
9fdfddb8   ti_sysbios_family_c64p_Hwi_Module__loggerDefined__C
9fdfddbc   ti_sysbios_gates_GateMutexPri_Module__id__C
9fdfddc0   ti_sysbios_gates_GateMutex_Module__id__C
9fdfddc4   ti_sysbios_gates_GateSwi_Module__id__C
9fdfddc8   ti_sysbios_hal_Hwi_Module__id__C
9fdfddcc   ti_sysbios_heaps_HeapMem_Module__id__C
9fdfddd0   ti_sysbios_knl_Clock_Module__id__C
9fdfddd4   ti_sysbios_knl_Clock_Module__loggerDefined__C
9fdfddd8   ti_sysbios_knl_Semaphore_Module__id__C
9fdfdddc   ti_sysbios_knl_Semaphore_Module__loggerDefined__C
9fdfdde0   ti_sysbios_knl_Swi_Module__id__C
9fdfdde4   ti_sysbios_knl_Swi_Module__loggerDefined__C
9fdfdde8   ti_sysbios_knl_Task_Module__id__C
9fdfddec   ti_sysbios_knl_Task_Module__loggerDefined__C
9fdfddf0   ti_sysbios_knl_Task_initStackFlag__C
9fdfddf4   ti_sysbios_syncs_SyncSem_Module__id__C
9fdfddf8   ti_sysbios_timers_dmtimer_Timer_Module__id__C
9fdfddfc   ti_sysbios_timers_dmtimer_Timer_checkFrequency__C
9fdfde00   ti_sysbios_timers_dmtimer_Timer_startupNeeded__C
9fdfde04   ti_sysbios_utils_Load_Module__id__C
9fdfde08   ti_sysbios_utils_Load_Module__loggerDefined__C
9fdfde0c   ti_sysbios_utils_Load_autoAddTasks__C
9fdfde10   ti_sysbios_utils_Load_hwiEnabled__C
9fdfde14   ti_sysbios_utils_Load_swiEnabled__C
9fdfde18   ti_sysbios_utils_Load_taskEnabled__C
9fdfde1c   ti_sysbios_utils_Load_updateInIdle__C
9fdfde20   xdc_runtime_Core_Module__id__C
9fdfde24   xdc_runtime_Diags_setMaskEnabled__C
9fdfde28   xdc_runtime_Error_Module__loggerDefined__C
9fdfde2c   xdc_runtime_Error_maxDepth__C
9fdfde30   xdc_runtime_Main_Module__id__C
9fdfde34   xdc_runtime_Memory_Module__id__C
9fdfde38   xdc_runtime_Registry_Module__loggerDefined__C
9fdfde3c   xdc_runtime_Text_charCnt__C
9fdfde40   xdc_runtime_Text_isLoaded__C
9fdfde44   xdc_runtime_Text_registryModsLastId__C
9fdfde48   xdc_runtime_Text_unnamedModsLastId__C
9fdfde4c   xdc_runtime_knl_GateProcess_Module__id__C
9fdfde50   _stack
9fe01e50   __TI_STACK_END
9fe02658   ti_sdo_ipc_GateMP_Module_State_0_remoteCustom1Gates__A
9fe02e58   defInstInitConfig
9fe03398   DSKT2_cacheWBInvFxn
9fe0339c   _DSKT2_ALLOW_EXTERNAL_SCRATCH
9fe033a0   ti_sdo_fc_dskt2_DSKT2_disableLazyDeactivate
9fe033a2   RMAN_numRegistryEntries
9fe033a4   RMAN_registryEntries
9fe033a8   RMAN_registryResmanArgs
9fe033ac   ti_sdo_fc_rman_RMAN_MAXALGS
9fe033b0   RMAN_PARAMS
9fe033c4   ECPY_CFG_PARAMS
9fe033d8   ti_sdo_fc_edma3_EDMA3_physicalId
9fe033dc   ti_sdo_fc_edma3_Settings_defaultQ
9fe033e0   EDMA3_PARAMS
9fe03400   ti_sdo_fc_edma3_Settings_eventQueueSetup
9fe03404   ti_sdo_ipc_GateMP_Module__root__V
9fe0340c   ti_sdo_ipc_GateMP_Module__state__V
9fe03454   ti_sdo_ipc_Ipc_Module__state__V
9fe03460   ti_sdo_ipc_ListMP_Module__root__V
9fe03468   ti_sdo_ipc_ListMP_Module__state__V
9fe0346c   ti_sdo_ipc_MessageQ_Module__root__V
9fe03474   ti_sdo_ipc_MessageQ_Module__state__V
9fe03490   ti_sdo_ipc_Notify_Module__root__V
9fe03498   ti_sdo_ipc_Notify_Module__state__V
9fe034a0   ti_sdo_ipc_SharedRegion_Module__state__V
9fe034a4   ti_sdo_ipc_family_ti81xx_InterruptDsp_Module__state__V
9fe034c0   ti_sdo_ipc_gates_GateHWSpinlock_Module__root__V
9fe034c8   ti_sdo_ipc_gates_GateMPSupportNull_Module__root__V
9fe034d0   ti_sdo_ipc_gates_GatePeterson_Module__root__V
9fe034d8   ti_sdo_ipc_heaps_HeapMemMP_Module__root__V
9fe034e0   ti_sdo_ipc_heaps_HeapMemMP_Module__state__V
9fe034e4   ti_sdo_ipc_notifyDrivers_NotifyDriverShm_Module__root__V
9fe034ec   ti_sdo_ipc_nsremote_NameServerRemoteNotify_Module__root__V
9fe034f4   ti_sdo_ipc_transports_TransportShm_Module__root__V
9fe034fc   ti_sdo_ipc_transports_TransportShmSetup_Module__state__V
9fe03500   ti_sdo_utils_List_Module__root__V
9fe03508   ti_sdo_utils_MultiProc_Module__state__V
9fe0350c   ti_sdo_utils_NameServer_Module__root__V
9fe03514   ti_sdo_utils_NameServer_Module__state__V
9fe0351c   ti_sdo_utils_NameServerRemoteNull_Module__root__V
9fe03524   ti_sysbios_BIOS_Module__state__V
9fe03540   ti_sysbios_family_c64p_Cache_Module__state__V
9fe03544   ti_sysbios_family_c64p_Exception_Module__state__V
9fe03570   ti_sysbios_family_c64p_Hwi_Module__root__V
9fe03578   ti_sysbios_family_c64p_Hwi_Module__state__V
9fe035e0   ti_sysbios_gates_GateAll_Module__root__V
9fe035e8   ti_sysbios_gates_GateHwi_Module__root__V
9fe035f0   ti_sysbios_gates_GateMutex_Module__root__V
9fe035f8   ti_sysbios_gates_GateMutexPri_Module__root__V
9fe03600   ti_sysbios_gates_GateSwi_Module__root__V
9fe03608   ti_sysbios_hal_Hwi_Module__root__V
9fe03610   ti_sysbios_hal_Timer_Module__root__V
9fe03618   ti_sysbios_heaps_HeapBuf_Module__root__V
9fe03620   ti_sysbios_heaps_HeapBuf_Module__state__V
9fe03624   ti_sysbios_heaps_HeapMem_Module__root__V
9fe0362c   ti_sysbios_knl_Clock_Module__root__V
9fe03634   ti_sysbios_knl_Clock_Module__state__V
9fe03660   ti_sysbios_knl_Queue_Module__root__V
9fe03668   ti_sysbios_knl_Semaphore_Module__root__V
9fe03670   ti_sysbios_knl_Swi_Module__root__V
9fe03678   ti_sysbios_knl_Swi_Module__state__V
9fe03694   ti_sysbios_knl_Task_Module__root__V
9fe0369c   ti_sysbios_knl_Task_Module__state__V
9fe036d0   ti_sysbios_syncs_SyncSem_Module__root__V
9fe036d8   ti_sysbios_timers_dmtimer_Timer_Module__root__V
9fe036e0   ti_sysbios_timers_dmtimer_Timer_Module__state__V
9fe036f8   ti_sysbios_utils_Load_Module__state__V
9fe03794   ti_sysbios_xdcruntime_GateProcessSupport_Module__root__V
9fe0379c   ti_sysbios_xdcruntime_GateThreadSupport_Module__root__V
9fe037a4   ti_sysbios_xdcruntime_SemProcessSupport_Module__root__V
9fe037ac   ti_sysbios_xdcruntime_SemThreadSupport_Module__root__V
9fe037b4   xdc_runtime_Error_Module__state__V
9fe037b8   xdc_runtime_GateNull_Module__root__V
9fe037c0   xdc_runtime_Memory_Module__state__V
9fe037c4   xdc_runtime_Registry_Module__state__V
9fe037cc   xdc_runtime_Startup_Module__state__V
9fe037d4   xdc_runtime_System_Module__state__V
9fe037e0   xdc_runtime_Text_Module__state__V
9fe037e8   xdc_runtime_knl_GateProcess_Module__root__V
9fe037f0   xdc_runtime_knl_GateThread_Module__root__V
9fe037f8   xdc_runtime_knl_SemProcess_Module__root__V
9fe03800   xdc_runtime_knl_SemThread_Module__root__V
9fe03808   __xdc__init__addr
9fe0380c   gUtils_dmaGblCfgParams
9fe03ae4   gUtils_dmaInstInitConfig
9fe03b90   edma3GblCfgParams
9fe03e68   _ftable
9fe04048   ti_sdo_ipc_GateMP_Module_State_0_remoteSystemGates__A
9fe04148   ti_sdo_utils_NameServer_Object__table__V
9fe04370   ti_sdo_ipc_SharedRegion_Module_State_0_regions__A
9fe04400   ti_sysbios_knl_Swi_Module_State_0_readyQ__A
9fe04480   ti_sysbios_knl_Task_Module_State_0_readyQ__A
9fe04578   SCD_TI_IALG
9fe0459c   SCD_TI
9fe045c8   SCD_TI_PARAMS
9fe045ec   _ft_end
9fe045f0   ti_sysbios_timers_dmtimer_Timer_Object__table__V
9fe04648   EDMA3_edmaChanScratchSizes
9fe04698   EDMA3_paRamScratchSizes
9fe046e8   EDMA3_qdmaChanScratchSizes
9fe04738   EDMA3_tccScratchSizes
9fe04788   _DSKT2_DARAM_SCRATCH_SIZES
9fe047d8   _DSKT2_SARAM_SCRATCH_SIZES
9fe04828   ti_sdo_ipc_Ipc_Module_State_0_procEntry__A
9fe04878   TSK_idle
9fe04878   ti_sysbios_knl_Task_Object__table__V
9fe048bc   IMP4AACENC_PARAMS
9fe04900   ti_sysbios_gates_GateMutex_Object__table__V
9fe04940   SWOSD_TI_IALG
9fe04964   SWOSD_TI_PARAMS
9fe04978   ti_sysbios_knl_Swi_Object__table__V
9fe049d0   SWOSD_TI_IRES
9fe049f8   ti_sysbios_heaps_HeapMem_Object__table__V
9fe04a2c   IRESMAN_EDMA3CHAN_CONSTRUCTFXNS
9fe04a44   MP4AACENC_TIJ_IALG
9fe04a74   IRESMAN_NULLRES
9fe04a90   ti_sysbios_timers_dmtimer_Timer_Module_State_0_device__A
9fe04ab4   Utils_memExtraRemoteHeap
9fe04b18   ti_sdo_fc_edma3_Settings_memTypeTCMap
9fe04b38   ti_sdo_fc_edma3_Settings_queuePriority
9fe04b58   ti_sdo_fc_edma3_Settings_queueTCMap
9fe04b78   ti_sdo_ipc_MessageQ_Module_State_0_heaps__A
9fe04b98   ti_sdo_ipc_MessageQ_Module_State_0_transports__A
9fe04bb8   xdc_runtime_System_Module_State_0_atexitHandlers__A
9fe04bd8   IRESMAN_EDMA3CHAN
9fe04bf0   ti_sysbios_family_c64p_Hwi_Object__table__V
9fe04c08   ti_sysbios_gates_GateMutexPri_Object__table__V
9fe04c50   ti_sdo_ipc_Notify_Module_State_0_notifyHandles__A
9fe04c60   ti_sdo_ipc_transports_TransportShmSetup_Module_State_0_handles__A
9fe04c70   ti_sysbios_gates_GateAll_Object__table__V
9fe04c80   Rpe_serverClassConfigArray
9fe04c90   Rpe_serverConfigArray
9fe04c9c   _cleanup_ptr
9fe04ca0   _dtors_ptr
9fe04ca4   __TI_enable_exit_profile_output
9fe04ca8   ti_sysbios_gates_GateSwi_Object__table__V
9fe04cb8   ti_sysbios_timers_dmtimer_Timer_Module_State_0_handles__A
9fe04cd8   DSKT2_ALGATTRS
9fe04ce0   gSystem_nameMemoryType
9fe04ce8   gSystem_nameScanFormat
9fe04cf0   gUtils_heapMemHandle
9fe04d00   _lock
9fe04d04   _unlock
9fe04d08   ti_sysbios_hal_Hwi_Object__table__V
9fe04d10   ti_sysbios_hal_Timer_Object__table__V
9fe04d20   gUtils_memClearBuf
9fe04d28   ti_sdo_ipc_GateMP_Module_State_0_remoteCustom2Gates__A
9fe04d30   ti_sdo_ipc_Notify_Module_State_0_notifyHandles_0__A
9fe04d38   ti_sdo_ipc_Notify_Module_State_0_notifyHandles_1__A
9fe04d40   ti_sdo_ipc_Notify_Module_State_0_notifyHandles_2__A
9fe04d48   ti_sdo_ipc_Notify_Module_State_0_notifyHandles_3__A
9fe04d50   ti_sysbios_gates_GateHwi_Object__table__V
9fe04d58   xdc_runtime_GateNull_Object__table__V
9fe05000   ti_sysbios_family_c64p_Hwi0
9fe05020   ti_sysbios_family_c64p_Hwi1
9fe05040   ti_sysbios_family_c64p_Hwi2
9fe05060   ti_sysbios_family_c64p_Hwi3
9fe05080   ti_sysbios_family_c64p_Hwi4
9fe050a0   ti_sysbios_family_c64p_Hwi5
9fe050c0   ti_sysbios_family_c64p_Hwi6
9fe050e0   ti_sysbios_family_c64p_Hwi7
9fe05100   ti_sysbios_family_c64p_Hwi8
9fe05120   ti_sysbios_family_c64p_Hwi9
9fe05140   ti_sysbios_family_c64p_Hwi10
9fe05160   ti_sysbios_family_c64p_Hwi11
9fe05180   ti_sysbios_family_c64p_Hwi12
9fe051a0   ti_sysbios_family_c64p_Hwi13
9fe051c0   ti_sysbios_family_c64p_Hwi14
9fe051e0   ti_sysbios_family_c64p_Hwi15
9fe05400   _Ipc_ResetVector
9fe05408   Ipc_sr0MemorySetup
9fe056e0   __CIOBUF_
9fe05800   RPE_dspAlgHeapName
9fe05800   __TI_STATIC_BASE
9fe05804   RPE_dspAlgHeapHandle
9fe05820   DSKT2_allowExternalScratch
9fe05824   resMgrInstance
9fe05828   userInitConfig
9fe0582c   ptrRMIArray
9fe05830   ptrInitCfgArray
9fe05834   _DSKT2_ipcKeyBase
9fe05838   DSKT2_daram0Heap
9fe0583c   DSKT2_daram1Heap
9fe05840   DSKT2_daram2Heap
9fe05844   DSKT2_saram0Heap
9fe05848   DSKT2_saram1Heap
9fe0584c   DSKT2_saram2Heap
9fe05850   DSKT2_iprogHeap
9fe05854   DSKT2_eprogHeap
9fe05858   DSKT2_esdataHeap
9fe0585c   _DSKT2_heap
9fe05860   ti_sdo_fc_rman_RMAN_ipcKey
9fe05864   ti_sdo_fc_rman_RMAN_setYieldArgs
9fe05868   ti_sdo_fc_multiProcess
9fe0586a   ti_sdo_fc_useDNUM
9fe0586c   ti_sdo_fc_useL3MemoryMap
9fe05870   ti_sdo_fc_edma3_Settings_globalConfig
9fe05874   ti_sdo_fc_edma3_Settings_regionConfig
9fe05878   Syslink_terminateEventId
9fe0587c   Syslink_terminateEventLineId
9fe05880   _DSKT2_memTabList
9fe05884   _DSKT2_activeAlg
9fe05888   _DSKT2_lastActiveAlg
9fe0588c   _DSKT2_scratchShareRefCount
9fe05890   _DSKT2_createCallbackFxn
9fe05894   _DSKT2_NumYielded
9fe05898   _DSKT2_yielded
9fe0589c   _DSKT2_initialized
9fe058a4   _DSKT2_gate
9fe058ac   TxChanEnable_all
9fe058b0   RxChanEnable_all
9fe058b4   corenum
9fe058b8   EMAC_REGS
9fe058bc   ECTL_REGS
9fe058d8   g_AssertFailLoop
9fe0590c   edma3NumPaRAMSets
9fe05914   ti_sdo_fc_dskt2_DSKT2_convertAddr
9fe05918   _DSKT2_algReferenceCount
9fe0591c   gEDMA_Hndl
9fe05920   gEDMA_SEM_Hndl
9fe05934   g_scratchIndex
9fe0593c   initDone
9fe05940   gUtils_startLoadCalc
9fe05950   EDMA3_MAX_RM_INSTANCES
9fe05954   DSP_HEAPEXT_MEM
9fe05958   DSP_HEAPINT_MEM
9fe0595c   Rpe_OsTaskPriorityHigh
9fe05960   Rpe_OsTaskPriorityMedium
9fe05964   Rpe_OsTaskPriorityLow
9fe05968   Rpe_serverConfigCount
ffffffff   __TI_pprof_out_hndl
ffffffff   __TI_prof_data_size
ffffffff   __TI_prof_data_start
ffffffff   __binit__
ffffffff   __c_args__
ffffffff   binit

[4586 symbols]


DYNAMIC SYMBOLS: SORTED ALPHABETICALLY BY Name 

address    name
--------   ----
UNDEFED    
9fe04878   TSK_idle
9fe05400   _Ipc_ResetVector
9fe01e50   __TI_STACK_END
00004000   __TI_STACK_SIZE
9fe05800   __TI_STATIC_BASE
ffffffff   __TI_pprof_out_hndl
ffffffff   __TI_prof_data_size
ffffffff   __TI_prof_data_start
ffffffff   __binit__
ffffffff   __c_args__
00000000   _argsize
ffffffff   binit
00000001   xdc_runtime_Startup__EXECFXN__C
00000001   xdc_runtime_Startup__RESETFXN__C

[15 symbols]


IMPORTED and EXPORTED SYMBOLS: SORTED ALPHABETICALLY BY Name 

IMPORTED SYMBOLS

name                           size      Imported from
-----------------------------  --------  -------------

[0 symbols]


EXPORTED SYMBOLS

address    name
--------   ----
9fe05400   _Ipc_ResetVector
